Archive member included because of file (symbol)

E:\Silabs\LED\protocol\bluetooth\lib\EFR32BG12P\GCC\libbluetooth.a(bgapi.c.obj)
                              ./main.o (gecko_cmd_msg_buf)
E:\Silabs\LED\protocol\bluetooth\lib\EFR32BG12P\GCC\libbluetooth.a(bgapi_gap.c.obj)
                              ./main.o (sli_bt_cmd_le_gap_set_advertise_timing)
E:\Silabs\LED\protocol\bluetooth\lib\EFR32BG12P\GCC\libbluetooth.a(bgapi_gatt.c.obj)
                              E:\Silabs\LED\protocol\bluetooth\lib\EFR32BG12P\GCC\libbluetooth.a(bgapi.c.obj) (bgapi_gatt_listener)
E:\Silabs\LED\protocol\bluetooth\lib\EFR32BG12P\GCC\libbluetooth.a(bgapi_gatt_lib.c.obj)
                              ./main.o (sli_bt_cmd_gatt_server_send_user_write_response)
E:\Silabs\LED\protocol\bluetooth\lib\EFR32BG12P\GCC\libbluetooth.a(bgapi_le_connection.c.obj)
                              ./main.o (sli_bt_cmd_le_connection_close)
E:\Silabs\LED\protocol\bluetooth\lib\EFR32BG12P\GCC\libbluetooth.a(bgapi_system.c.obj)
                              ./main.o (sli_bt_cmd_system_reset)
E:\Silabs\LED\protocol\bluetooth\lib\EFR32BG12P\GCC\libbluetooth.a(bgbuf.c.obj)
                              E:\Silabs\LED\protocol\bluetooth\lib\EFR32BG12P\GCC\libbluetooth.a(bgapi_gatt.c.obj) (bgbuf_chain_free)
E:\Silabs\LED\protocol\bluetooth\lib\EFR32BG12P\GCC\libbluetooth.a(bglib.c.obj)
                              ./main.o (gecko_stack_init)
E:\Silabs\LED\protocol\bluetooth\lib\EFR32BG12P\GCC\libbluetooth.a(btl_interface.c.obj)
                              E:\Silabs\LED\protocol\bluetooth\lib\EFR32BG12P\GCC\libbluetooth.a(bgapi.c.obj) (bootloader_getInfo)
E:\Silabs\LED\protocol\bluetooth\lib\EFR32BG12P\GCC\libbluetooth.a(gap.c.obj)
                              E:\Silabs\LED\protocol\bluetooth\lib\EFR32BG12P\GCC\libbluetooth.a(bglib.c.obj) (gap_reset_state)
E:\Silabs\LED\protocol\bluetooth\lib\EFR32BG12P\GCC\libbluetooth.a(gap_deprecated.c.obj)
                              E:\Silabs\LED\protocol\bluetooth\lib\EFR32BG12P\GCC\libbluetooth.a(bgapi_gap.c.obj) (ubt_gap_set_adv_parameters)
E:\Silabs\LED\protocol\bluetooth\lib\EFR32BG12P\GCC\libbluetooth.a(gap_resolver.c.obj)
                              E:\Silabs\LED\protocol\bluetooth\lib\EFR32BG12P\GCC\libbluetooth.a(gap.c.obj) (gap_address_resolver_step)
E:\Silabs\LED\protocol\bluetooth\lib\EFR32BG12P\GCC\libbluetooth.a(gatt.c.obj)
                              E:\Silabs\LED\protocol\bluetooth\lib\EFR32BG12P\GCC\libbluetooth.a(gap.c.obj) (gatt_init_connection)
E:\Silabs\LED\protocol\bluetooth\lib\EFR32BG12P\GCC\libbluetooth.a(gatt_client.c.obj)
                              E:\Silabs\LED\protocol\bluetooth\lib\EFR32BG12P\GCC\libbluetooth.a(bgapi_gatt_lib.c.obj) (gatt_client_init)
E:\Silabs\LED\protocol\bluetooth\lib\EFR32BG12P\GCC\libbluetooth.a(gatt_db_minimal.c.obj)
                              E:\Silabs\LED\protocol\bluetooth\lib\EFR32BG12P\GCC\libbluetooth.a(gatt.c.obj) (gatt_db_set_db)
E:\Silabs\LED\protocol\bluetooth\lib\EFR32BG12P\GCC\libbluetooth.a(gatt_server.c.obj)
                              E:\Silabs\LED\protocol\bluetooth\lib\EFR32BG12P\GCC\libbluetooth.a(gatt_db_minimal.c.obj) (gatt_server_send_attribute_value_event)
E:\Silabs\LED\protocol\bluetooth\lib\EFR32BG12P\GCC\libbluetooth.a(gecko_bgapi_dfu.c.obj)
                              ./main.o (gecko_bgapi_class_dfu_init)
E:\Silabs\LED\protocol\bluetooth\lib\EFR32BG12P\GCC\libbluetooth.a(gecko_bgapi_endpoint.c.obj)
                              ./main.o (gecko_bgapi_class_endpoint_init)
E:\Silabs\LED\protocol\bluetooth\lib\EFR32BG12P\GCC\libbluetooth.a(gecko_bgapi_flash.c.obj)
                              ./main.o (gecko_bgapi_class_flash_init)
E:\Silabs\LED\protocol\bluetooth\lib\EFR32BG12P\GCC\libbluetooth.a(gecko_bgapi_gap.c.obj)
                              ./main.o (gecko_bgapi_class_le_gap_init)
E:\Silabs\LED\protocol\bluetooth\lib\EFR32BG12P\GCC\libbluetooth.a(gecko_bgapi_gatt.c.obj)
                              ./main.o (gecko_bgapi_class_gatt_init)
E:\Silabs\LED\protocol\bluetooth\lib\EFR32BG12P\GCC\libbluetooth.a(gecko_bgapi_gatt_server.c.obj)
                              ./main.o (gecko_bgapi_class_gatt_server_init)
E:\Silabs\LED\protocol\bluetooth\lib\EFR32BG12P\GCC\libbluetooth.a(gecko_bgapi_hardware.c.obj)
                              ./main.o (gecko_bgapi_class_hardware_init)
E:\Silabs\LED\protocol\bluetooth\lib\EFR32BG12P\GCC\libbluetooth.a(gecko_bgapi_le_connection.c.obj)
                              ./main.o (gecko_bgapi_class_le_connection_init)
E:\Silabs\LED\protocol\bluetooth\lib\EFR32BG12P\GCC\libbluetooth.a(gecko_bgapi_sm.c.obj)
                              ./main.o (gecko_bgapi_class_sm_init)
E:\Silabs\LED\protocol\bluetooth\lib\EFR32BG12P\GCC\libbluetooth.a(gecko_bgapi_system.c.obj)
                              ./main.o (gecko_bgapi_class_system_init)
E:\Silabs\LED\protocol\bluetooth\lib\EFR32BG12P\GCC\libbluetooth.a(gecko_bgapi_test.c.obj)
[...]
Memory Configuration

Name             Origin             Length             Attributes
FLASH_BOOTLOADER 0x0fe10000         0x00004000         xr
FLASH            0x00000000         0x000ff000         xr
RAM              0x20000000         0x0003fffc         xrw
*default*        0x00000000         0xffffffff

Linker script and memory map

LOAD c:/siliconlabs/simplicitystudio/v4/developer/toolchains/gnu_arm/4.9_2015q3/bin/../lib/gcc/arm-none-eabi/4.9.3/armv7e-m/softfp/crti.o
LOAD c:/siliconlabs/simplicitystudio/v4/developer/toolchains/gnu_arm/4.9_2015q3/bin/../lib/gcc/arm-none-eabi/4.9.3/armv7e-m/softfp/crtbegin.o
LOAD c:/siliconlabs/simplicitystudio/v4/developer/toolchains/gnu_arm/4.9_2015q3/bin/../lib/gcc/arm-none-eabi/4.9.3/../../../../arm-none-eabi/lib/armv7e-m/softfp/crt0.o
START GROUP
LOAD ./application_properties.o
LOAD ./gatt_db.o
LOAD ./init_app.o
LOAD ./init_board.o
LOAD ./init_mcu.o
LOAD ./main.o
LOAD ./hardware/kit/common/bsp/bsp_stk.o
LOAD ./platform/Device/SiliconLabs/EFR32BG12P/Source/GCC/startup_efr32bg12p.o
LOAD ./platform/Device/SiliconLabs/EFR32BG12P/Source/system_efr32bg12p.o
LOAD ./platform/emdrv/sleep/src/sleep.o
LOAD ./platform/emdrv/tempdrv/src/tempdrv.o
LOAD ./platform/emlib/src/em_cmu.o
LOAD ./platform/emlib/src/em_core.o
LOAD ./platform/emlib/src/em_cryotimer.o
LOAD ./platform/emlib/src/em_crypto.o
LOAD ./platform/emlib/src/em_emu.o
LOAD ./platform/emlib/src/em_gpio.o
LOAD ./platform/emlib/src/em_i2c.o
LOAD ./platform/emlib/src/em_msc.o
LOAD ./platform/emlib/src/em_rmu.o
LOAD ./platform/emlib/src/em_rtcc.o
LOAD ./platform/emlib/src/em_system.o
LOAD ./platform/emlib/src/em_usart.o
LOAD E:\Silabs\LED\protocol\bluetooth\lib\EFR32BG12P\GCC\binapploader.o
LOAD E:\Silabs\LED\platform\radio\rail_lib\autogen\librail_release\librail_efr32xg12_gcc_release.a
LOAD E:\Silabs\LED\protocol\bluetooth\lib\EFR32BG12P\GCC\libpsstore.a
LOAD E:\Silabs\LED\protocol\bluetooth\lib\EFR32BG12P\GCC\libbluetooth.a
LOAD E:\Silabs\LED\protocol\bluetooth\lib\EFR32BG12P\GCC\libmbedtls.a
LOAD c:/siliconlabs/simplicitystudio/v4/developer/toolchains/gnu_arm/4.9_2015q3/bin/../lib/gcc/arm-none-eabi/4.9.3/../../../../arm-none-eabi/lib/armv7e-m/softfp\libm.a
END GROUP
START GROUP
LOAD c:/siliconlabs/simplicitystudio/v4/developer/toolchains/gnu_arm/4.9_2015q3/bin/../lib/gcc/arm-none-eabi/4.9.3/armv7e-m/softfp\libgcc.a
LOAD c:/siliconlabs/simplicitystudio/v4/developer/toolchains/gnu_arm/4.9_2015q3/bin/../lib/gcc/arm-none-eabi/4.9.3/../../../../arm-none-eabi/lib/armv7e-m/softfp\libc_nano.a
LOAD c:/siliconlabs/simplicitystudio/v4/developer/toolchains/gnu_arm/4.9_2015q3/bin/../lib/gcc/arm-none-eabi/4.9.3/../../../../arm-none-eabi/lib/armv7e-m/softfp\libnosys.a
END GROUP
START GROUP
LOAD c:/siliconlabs/simplicitystudio/v4/developer/toolchains/gnu_arm/4.9_2015q3/bin/../lib/gcc/arm-none-eabi/4.9.3/armv7e-m/softfp\libgcc.a
LOAD c:/siliconlabs/simplicitystudio/v4/developer/toolchains/gnu_arm/4.9_2015q3/bin/../lib/gcc/arm-none-eabi/4.9.3/../../../../arm-none-eabi/lib/armv7e-m/softfp\libg_nano.a
LOAD c:/siliconlabs/simplicitystudio/v4/developer/toolchains/gnu_arm/4.9_2015q3/bin/../lib/gcc/arm-none-eabi/4.9.3/../../../../arm-none-eabi/lib/armv7e-m/softfp\libc_nano.a
END GROUP
START GROUP
LOAD c:/siliconlabs/simplicitystudio/v4/developer/toolchains/gnu_arm/4.9_2015q3/bin/../lib/gcc/arm-none-eabi/4.9.3/armv7e-m/softfp\libgcc.a
LOAD c:/siliconlabs/simplicitystudio/v4/developer/toolchains/gnu_arm/4.9_2015q3/bin/../lib/gcc/arm-none-eabi/4.9.3/../../../../arm-none-eabi/lib/armv7e-m/softfp\libc_nano.a
END GROUP
LOAD c:/siliconlabs/simplicitystudio/v4/developer/toolchains/gnu_arm/4.9_2015q3/bin/../lib/gcc/arm-none-eabi/4.9.3/armv7e-m/softfp/crtend.o
LOAD c:/siliconlabs/simplicitystudio/v4/developer/toolchains/gnu_arm/4.9_2015q3/bin/../lib/gcc/arm-none-eabi/4.9.3/armv7e-m/softfp/crtn.o

.text_bootloader
                0x0fe10000        0x0
 *(.binbootloader*)
                0x0fe10000                . = ALIGN (0x4000)

.text_apploader
                0x00000000     0x97c0
 *(.binapploader*)
 .binapploader  0x00000000     0x97c0 E:\Silabs\LED\protocol\bluetooth\lib\EFR32BG12P\GCC\binapploader.o

.text_signature
                0x000097c0       0x40
                0x00009800                . = ALIGN (0x800)
 *fill*         0x000097c0       0x40 
                0x00009800                __text_start__ = .

.text_application
                0x00009800    0x1fee4
 *(.vectors)
 .vectors       0x00009800      0x10c ./platform/Device/SiliconLabs/EFR32BG12P/Source/GCC/startup_efr32bg12p.o
                0x00009800                __Vectors
                0x0000990c                __Vectors_End = .
                0x0000010c                __Vectors_Size = (__Vectors_End - __Vectors)
                0x0000990c                __end__ = .
 *(.application_properties)
 .application_properties
                0x0000990c       0x38 ./application_properties.o
                0x0000990c                applicationProperties
 *(.gecko_configuration)
 *(.xo_configuration)
 *(.gatt_header)
 .gatt_header   0x00009944       0x34 ./gatt_db.o
                0x00009944                bg_gattdb_data
 *(.gatt_data)
 .gatt_data     0x00009978      0x29a ./gatt_db.o
                0x00009978                bg_gattdb_data_adv_uuid128_map
                0x0000997c                bg_gattdb_data_adv_uuid16_map
                0x00009980                bg_gattdb_data_attributes_dynamic_mapping_map
                0x0000998c                bg_gattdb_data_attributes_map
                0x00009aac                bg_gattdb_data_attribute_field_0
                0x00009ab0                bg_gattdb_data_attribute_field_1
                0x00009ab8                bg_gattdb_data_attribute_field_2
                0x00009ac0                bg_gattdb_data_attribute_field_4
                0x00009ac4                bg_gattdb_data_attribute_field_5
                0x00009acc                bg_gattdb_data_attribute_field_6
                0x00009ad4                bg_gattdb_data_attribute_field_7
                0x00009adc                bg_gattdb_data_attribute_field_8
                0x00009ae0                bg_gattdb_data_attribute_field_9
                0x00009ae4                bg_gattdb_data_attribute_field_10
                0x00009aec                bg_gattdb_data_attribute_field_11
                0x00009afc                bg_gattdb_data_attribute_field_12
                0x00009b04                bg_gattdb_data_attribute_field_13
                0x00009b10                bg_gattdb_data_attribute_field_14
                0x00009b18                bg_gattdb_data_attribute_field_15
                0x00009b20                bg_gattdb_data_attribute_field_16
                0x00009b34                bg_gattdb_data_attribute_field_17
                0x00009b4c                bg_gattdb_data_attribute_field_18
                0x00009b54                bg_gattdb_data_attribute_field_19
                0x00009b68                bg_gattdb_data_attribute_field_20
                0x00009b80                bg_gattdb_data_attribute_field_21
                0x00009b88                bg_gattdb_data_attribute_field_22
                0x00009ba0                bg_gattdb_data_attribute_field_23
                0x00009ba8                bg_gattdb_data_uuidtable_128_map
                0x00009bf8                bg_gattdb_data_uuidtable_16_map
 *(.text*)
 *fill*         0x00009c12        0x2 
 .text          0x00009c14       0x5c c:/siliconlabs/simplicitystudio/v4/developer/toolchains/gnu_arm/4.9_2015q3/bin/../lib/gcc/arm-none-eabi/4.9.3/armv7e-m/softfp/crtbegin.o
 .text          0x00009c70       0x74 c:/siliconlabs/simplicitystudio/v4/developer/toolchains/gnu_arm/4.9_2015q3/bin/../lib/gcc/arm-none-eabi/4.9.3/../../../../arm-none-eabi/lib/armv7e-m/softfp/crt0.o
                0x00009c70                _start
                0x00009c70                _mainCRTStartup
 .text.initApp  0x00009ce4        0x4 ./init_app.o
                0x00009ce4                initApp
 .text.initBoard
                0x00009ce8       0x2c ./init_board.o
                0x00009ce8                initBoard
 .text.initMcu  0x00009d14      0x168 ./init_mcu.o
                0x00009d14                initMcu
 .text.startup.main
                0x00009e7c      0x210 ./main.o
                0x00009e7c                main
 .text.Default_Handler
                0x0000a08c        0x4 ./platform/Device/SiliconLabs/EFR32BG12P/Source/GCC/startup_efr32bg12p.o
                0x0000a08c                DebugMon_Handler
                0x0000a08c                USART0_TX_IRQHandler
                0x0000a08c                I2C0_IRQHandler
                0x0000a08c                HardFault_Handler
                0x0000a08c                SysTick_Handler
                0x0000a08c                USART1_RX_IRQHandler
                0x0000a08c                PendSV_Handler
                0x0000a08c                NMI_Handler
                0x0000a08c                I2C1_IRQHandler
                0x0000a08c                WTIMER0_IRQHandler
                0x0000a08c                CRYPTO0_IRQHandler
                0x0000a08c                WDOG0_IRQHandler
                0x0000a08c                USART1_TX_IRQHandler
                0x0000a08c                SMU_IRQHandler
                0x0000a08c                MSC_IRQHandler
                0x0000a08c                ADC0_IRQHandler
                0x0000a08c                UsageFault_Handler
                0x0000a08c                WDOG1_IRQHandler
                0x0000a08c                LEUART0_IRQHandler
                0x0000a08c                FPUEH_IRQHandler
                0x0000a08c                WTIMER1_IRQHandler
                0x0000a08c                GPIO_EVEN_IRQHandler
                0x0000a08c                VDAC0_IRQHandler
                0x0000a08c                LDMA_IRQHandler
                0x0000a08c                CSEN_IRQHandler
                0x0000a08c                CRYPTO1_IRQHandler
                0x0000a08c                TIMER0_IRQHandler
                0x0000a08c                PCNT2_IRQHandler
                0x0000a08c                LETIMER0_IRQHandler
                0x0000a08c                TIMER1_IRQHandler
                0x0000a08c                TRNG0_IRQHandler
                0x0000a08c                USART2_RX_IRQHandler
                0x0000a08c                Default_Handler
                0x0000a08c                CRYOTIMER_IRQHandler
                0x0000a08c                PCNT0_IRQHandler
                0x0000a08c                PCNT1_IRQHandler
                0x0000a08c                ACMP0_IRQHandler
                0x0000a08c                USART0_RX_IRQHandler
                0x0000a08c                MemManage_Handler
                0x0000a08c                SVC_Handler
                0x0000a08c                USART3_RX_IRQHandler
                0x0000a08c                RTCC_IRQHandler
                0x0000a08c                CMU_IRQHandler
                0x0000a08c                LESENSE_IRQHandler
                0x0000a08c                GPIO_ODD_IRQHandler
                0x0000a08c                USART3_TX_IRQHandler
                0x0000a08c                BusFault_Handler
                0x0000a08c                USART2_TX_IRQHandler
                0x0000a08c                IDAC0_IRQHandler
 .text.Reset_Handler
                0x0000a090       0x2c ./platform/Device/SiliconLabs/EFR32BG12P/Source/GCC/startup_efr32bg12p.o
                0x0000a090                Reset_Handler
 .text.SystemMaxCoreClockGet
                0x0000a0bc        0x8 ./platform/Device/SiliconLabs/EFR32BG12P/Source/system_efr32bg12p.o
                0x0000a0bc                SystemMaxCoreClockGet
 .text.SystemHFClockGet
                0x0000a0c4       0x50 ./platform/Device/SiliconLabs/EFR32BG12P/Source/system_efr32bg12p.o
                0x0000a0c4                SystemHFClockGet
 .text.SystemCoreClockGet
                0x0000a114       0x24 ./platform/Device/SiliconLabs/EFR32BG12P/Source/system_efr32bg12p.o
                0x0000a114                SystemCoreClockGet
 .text.SystemHFXOClockGet
                0x0000a138        0xc ./platform/Device/SiliconLabs/EFR32BG12P/Source/system_efr32bg12p.o
                0x0000a138                SystemHFXOClockGet
 .text.SystemHFXOClockSet
                0x0000a144       0x20 ./platform/Device/SiliconLabs/EFR32BG12P/Source/system_efr32bg12p.o
                0x0000a144                SystemHFXOClockSet
 .text.SystemInit
                0x0000a164       0x14 ./platform/Device/SiliconLabs/EFR32BG12P/Source/system_efr32bg12p.o
                0x0000a164                SystemInit
 .text.SystemLFRCOClockGet
                0x0000a178        0x8 ./platform/Device/SiliconLabs/EFR32BG12P/Source/system_efr32bg12p.o
                0x0000a178                SystemLFRCOClockGet
 .text.SystemULFRCOClockGet
                0x0000a180        0x8 ./platform/Device/SiliconLabs/EFR32BG12P/Source/system_efr32bg12p.o
                0x0000a180                SystemULFRCOClockGet
 .text.SystemLFXOClockGet
                0x0000a188        0xc ./platform/Device/SiliconLabs/EFR32BG12P/Source/system_efr32bg12p.o
                0x0000a188                SystemLFXOClockGet
 .text.SystemLFXOClockSet
                0x0000a194       0x20 ./platform/Device/SiliconLabs/EFR32BG12P/Source/system_efr32bg12p.o
                0x0000a194                SystemLFXOClockSet
 .text.sleepCallbackWrapper
                0x0000a1b4       0x14 ./platform/emdrv/sleep/src/sleep.o
 .text.enterEMx
                0x0000a1c8       0x70 ./platform/emdrv/sleep/src/sleep.o
 .text.SLEEP_Init
                0x0000a238       0x44 ./platform/emdrv/sleep/src/sleep.o
                0x0000a238                SLEEP_Init
 .text.SLEEP_Sleep
                0x0000a27c       0x70 ./platform/emdrv/sleep/src/sleep.o
                0x0000a27c                SLEEP_Sleep
 .text.SLEEP_SleepBlockBegin
                0x0000a2ec       0x28 ./platform/emdrv/sleep/src/sleep.o
                0x0000a2ec                SLEEP_SleepBlockBegin
 .text.SLEEP_SleepBlockEnd
                0x0000a314       0x2c ./platform/emdrv/sleep/src/sleep.o
                0x0000a314                SLEEP_SleepBlockEnd
 .text.SLEEP_LowestEnergyModeGet
                0x0000a340       0x1c ./platform/emdrv/sleep/src/sleep.o
                0x0000a340                SLEEP_LowestEnergyModeGet
 .text.updateInterrupts
                0x0000a35c       0xdc ./platform/emdrv/tempdrv/src/tempdrv.o
 .text.TEMPDRV_IRQHandler
                0x0000a438       0xd4 ./platform/emdrv/tempdrv/src/tempdrv.o
                0x0000a438                TEMPDRV_IRQHandler
 .text.EMU_IRQHandler
                0x0000a50c        0x4 ./platform/emdrv/tempdrv/src/tempdrv.o
                0x0000a50c                EMU_IRQHandler
 .text.flashWaitStateControl
                0x0000a510       0x50 ./platform/emlib/src/em_cmu.o
 .text.CMU_HFRCODevinfoGet
                0x0000a560       0xb4 ./platform/emlib/src/em_cmu.o
 .text.flashWaitStateMax
                0x0000a614       0x24 ./platform/emlib/src/em_cmu.o
 .text.CMU_OscillatorTuningSet.part.2
                0x0000a638       0x3c ./platform/emlib/src/em_cmu.o
 .text.CMU_UpdateWaitStates
                0x0000a674       0x1c ./platform/emlib/src/em_cmu.o
                0x0000a674                CMU_UpdateWaitStates
 .text.CMU_ClockEnable
                0x0000a690       0x8c ./platform/emlib/src/em_cmu.o
                0x0000a690                CMU_ClockEnable
 .text.CMU_ClockPrescGet
                0x0000a71c       0xd0 ./platform/emlib/src/em_cmu.o
                0x0000a71c                CMU_ClockPrescGet
 .text.CMU_ClockDivGet
                0x0000a7ec        0xc ./platform/emlib/src/em_cmu.o
                0x0000a7ec                CMU_ClockDivGet
 .text.CMU_ClockSelectGet
                0x0000a7f8       0xc4 ./platform/emlib/src/em_cmu.o
                0x0000a7f8                CMU_ClockSelectGet
 .text.lfClkGet
                0x0000a8bc       0x94 ./platform/emlib/src/em_cmu.o
 .text.CMU_ClockFreqGet
                0x0000a950      0x1a4 ./platform/emlib/src/em_cmu.o
                0x0000a950                CMU_ClockFreqGet
 .text.CMU_HFRCOBandSet
                0x0000aaf4      0x168 ./platform/emlib/src/em_cmu.o
                0x0000aaf4                CMU_HFRCOBandSet
 .text.CMU_HFXOAutostartEnable
                0x0000ac5c       0xb0 ./platform/emlib/src/em_cmu.o
                0x0000ac5c                CMU_HFXOAutostartEnable
 .text.CMU_OscillatorTuningWait
                0x0000ad0c       0x5c ./platform/emlib/src/em_cmu.o
                0x0000ad0c                CMU_OscillatorTuningWait
 .text.CMU_OscillatorEnable
                0x0000ad68      0x118 ./platform/emlib/src/em_cmu.o
                0x0000ad68                CMU_OscillatorEnable
 .text.CMU_ClockSelectSet
                0x0000ae80      0x2c0 ./platform/emlib/src/em_cmu.o
                0x0000ae80                CMU_ClockSelectSet
 .text.CMU_HFXOInit
                0x0000b140       0x7c ./platform/emlib/src/em_cmu.o
                0x0000b140                CMU_HFXOInit
 .text.CMU_LFXOInit
                0x0000b1bc       0x40 ./platform/emlib/src/em_cmu.o
                0x0000b1bc                CMU_LFXOInit
 .text.CORE_EnterCritical
                0x0000b1fc        0x8 ./platform/emlib/src/em_core.o
                0x0000b1fc                CORE_EnterCritical
 .text.CORE_ExitCritical
                0x0000b204        0x8 ./platform/emlib/src/em_core.o
                0x0000b204                CORE_ExitCritical
 .text.CORE_EnterAtomic
                0x0000b20c        0x8 ./platform/emlib/src/em_core.o
                0x0000b20c                CORE_EnterAtomic
 .text.CORE_ExitAtomic
                0x0000b214        0x8 ./platform/emlib/src/em_core.o
                0x0000b214                CORE_ExitAtomic
 .text.CORE_SetNvicRamTableHandler
                0x0000b21c       0x10 ./platform/emlib/src/em_core.o
                0x0000b21c                CORE_SetNvicRamTableHandler
 .text.CORE_InitNvicVectorTable
                0x0000b22c       0x48 ./platform/emlib/src/em_core.o
                0x0000b22c                CORE_InitNvicVectorTable
 .text.CRYPTO_ModulusSet
                0x0000b274       0x38 ./platform/emlib/src/em_crypto.o
                0x0000b274                CRYPTO_ModulusSet
 .text.CRYPTO_KeyRead
                0x0000b2ac       0x2c ./platform/emlib/src/em_crypto.o
                0x0000b2ac                CRYPTO_KeyRead
 .text.lpGetDevinfoVrefLowHigh
                0x0000b2d8       0xdc ./platform/emlib/src/em_emu.o
 .text.emState  0x0000b3b4       0xac ./platform/emlib/src/em_emu.o
 .text.lpCmpHystCalibrationLoad.isra.0
                0x0000b460       0x78 ./platform/emlib/src/em_emu.o
 .text.vScaleDownEM23Setup
                0x0000b4d8       0x60 ./platform/emlib/src/em_emu.o
 .text.EMU_EnterEM2
                0x0000b538       0x38 ./platform/emlib/src/em_emu.o
                0x0000b538                EMU_EnterEM2
 .text.EMU_EnterEM3
                0x0000b570       0x5c ./platform/emlib/src/em_emu.o
                0x0000b570                EMU_EnterEM3
 .text.EMU_Save
                0x0000b5cc        0x8 ./platform/emlib/src/em_emu.o
                0x0000b5cc                EMU_Save
 .text.EMU_Restore
                0x0000b5d4        0x8 ./platform/emlib/src/em_emu.o
                0x0000b5d4                EMU_Restore
 .text.EMU_EnterEM4
                0x0000b5dc       0x30 ./platform/emlib/src/em_emu.o
                0x0000b5dc                EMU_EnterEM4
 .text.EMU_VScaleEM01
                0x0000b60c       0x68 ./platform/emlib/src/em_emu.o
                0x0000b60c                EMU_VScaleEM01
 .text.EMU_VScaleEM01ByClock
                0x0000b674       0x50 ./platform/emlib/src/em_emu.o
                0x0000b674                EMU_VScaleEM01ByClock
 .text.EMU_EM01Init
                0x0000b6c4       0x14 ./platform/emlib/src/em_emu.o
                0x0000b6c4                EMU_EM01Init
 .text.EMU_EM23Init
                0x0000b6d8       0x18 ./platform/emlib/src/em_emu.o
                0x0000b6d8                EMU_EM23Init
 .text.EMU_DCDCModeSet
                0x0000b6f0       0x84 ./platform/emlib/src/em_emu.o
                0x0000b6f0                EMU_DCDCModeSet
 .text.EMU_DCDCOutputVoltageSet
                0x0000b774      0x160 ./platform/emlib/src/em_emu.o
                0x0000b774                EMU_DCDCOutputVoltageSet
 .text.EMU_DCDCOptimizeSlice
                0x0000b8d4       0xf8 ./platform/emlib/src/em_emu.o
                0x0000b8d4                EMU_DCDCOptimizeSlice
 .text.EMU_DCDCLnRcoBandSet
                0x0000b9cc       0x24 ./platform/emlib/src/em_emu.o
                0x0000b9cc                EMU_DCDCLnRcoBandSet
 .text.EMU_DCDCInit
                0x0000b9f0      0x104 ./platform/emlib/src/em_emu.o
                0x0000b9f0                EMU_DCDCInit
 .text.GPIO_PinModeSet
                0x0000baf4       0x84 ./platform/emlib/src/em_gpio.o
                0x0000baf4                GPIO_PinModeSet
 .text.MSC_Init
                0x0000bb78       0x20 ./platform/emlib/src/em_msc.o
                0x0000bb78                MSC_Init
 .text.MSC_Deinit
                0x0000bb98       0x14 ./platform/emlib/src/em_msc.o
                0x0000bb98                MSC_Deinit
 .text.RMU_ResetCauseClear
                0x0000bbac        0xc ./platform/emlib/src/em_rmu.o
                0x0000bbac                RMU_ResetCauseClear
 .text.RMU_ResetCauseGet
                0x0000bbb8       0x60 ./platform/emlib/src/em_rmu.o
                0x0000bbb8                RMU_ResetCauseGet
 .text.RTCC_ChannelInit
                0x0000bc18       0x3c ./platform/emlib/src/em_rtcc.o
                0x0000bc18                RTCC_ChannelInit
 .text.RTCC_Init
                0x0000bc54       0x6c ./platform/emlib/src/em_rtcc.o
                0x0000bc54                RTCC_Init
 .text.SYSTEM_ChipRevisionGet
                0x0000bcc0       0x34 ./platform/emlib/src/em_system.o
                0x0000bcc0                SYSTEM_ChipRevisionGet
 .text.register_message_handler
                0x0000bcf4        0xc E:\Silabs\LED\protocol\bluetooth\lib\EFR32BG12P\GCC\libbluetooth.a(bgapi.c.obj)
                0x0000bcf4                register_message_handler
 .text.bgapi_gap_set_legacy_mode
                0x0000bd00       0x1c E:\Silabs\LED\protocol\bluetooth\lib\EFR32BG12P\GCC\libbluetooth.a(bgapi.c.obj)
                0x0000bd00                bgapi_gap_set_legacy_mode
 .text.bgapi_ubt_listener
                0x0000bd1c      0x384 E:\Silabs\LED\protocol\bluetooth\lib\EFR32BG12P\GCC\libbluetooth.a(bgapi.c.obj)
                0x0000bd1c                bgapi_ubt_listener
 .text.bgapi_init
                0x0000c0a0       0x10 E:\Silabs\LED\protocol\bluetooth\lib\EFR32BG12P\GCC\libbluetooth.a(bgapi.c.obj)
                0x0000c0a0                bgapi_init
 .text.bgapi_buffer_init
                0x0000c0b0       0x30 E:\Silabs\LED\protocol\bluetooth\lib\EFR32BG12P\GCC\libbluetooth.a(bgapi.c.obj)
                0x0000c0b0                bgapi_buffer_init
 .text.lib_le_gap_handler_init
                0x0000c0e0        0x2 E:\Silabs\LED\protocol\bluetooth\lib\EFR32BG12P\GCC\libbluetooth.a(bgapi_gap.c.obj)
                0x0000c0e0                lib_le_gap_handler_init
 *fill*         0x0000c0e2        0x2 
 .text.sli_bt_cmd_le_gap_set_advertise_timing
                0x0000c0e4       0x3c E:\Silabs\LED\protocol\bluetooth\lib\EFR32BG12P\GCC\libbluetooth.a(bgapi_gap.c.obj)
                0x0000c0e4                sli_bt_cmd_le_gap_set_advertise_timing
 .text.sli_bt_cmd_le_gap_start_advertising
                0x0000c120       0x44 E:\Silabs\LED\protocol\bluetooth\lib\EFR32BG12P\GCC\libbluetooth.a(bgapi_gap.c.obj)
                0x0000c120                sli_bt_cmd_le_gap_start_advertising
 .text.bgapi_gatt_listener
                0x0000c164      0x28c E:\Silabs\LED\protocol\bluetooth\lib\EFR32BG12P\GCC\libbluetooth.a(bgapi_gatt.c.obj)
                0x0000c164                bgapi_gatt_listener
 .text.lib_gatt_handler_init
                0x0000c3f0        0x4 E:\Silabs\LED\protocol\bluetooth\lib\EFR32BG12P\GCC\libbluetooth.a(bgapi_gatt_lib.c.obj)
                0x0000c3f0                lib_gatt_handler_init
 .text.lib_gatt_server_handler_init
                0x0000c3f4        0x2 E:\Silabs\LED\protocol\bluetooth\lib\EFR32BG12P\GCC\libbluetooth.a(bgapi_gatt_lib.c.obj)
                0x0000c3f4                lib_gatt_server_handler_init
 *fill*         0x0000c3f6        0x2 
 .text.sli_bt_cmd_gatt_server_send_user_write_response
                0x0000c3f8       0x34 E:\Silabs\LED\protocol\bluetooth\lib\EFR32BG12P\GCC\libbluetooth.a(bgapi_gatt_lib.c.obj)
                0x0000c3f8                sli_bt_cmd_gatt_server_send_user_write_response
 .text.lib_le_connection_handler_init
                0x0000c42c        0x2 E:\Silabs\LED\protocol\bluetooth\lib\EFR32BG12P\GCC\libbluetooth.a(bgapi_le_connection.c.obj)
                0x0000c42c                lib_le_connection_handler_init
 .text.bgapi_close_le_connection
                0x0000c42e       0x16 E:\Silabs\LED\protocol\bluetooth\lib\EFR32BG12P\GCC\libbluetooth.a(bgapi_le_connection.c.obj)
                0x0000c42e                bgapi_close_le_connection
 .text.sli_bt_cmd_le_connection_close
                0x0000c444       0x2c E:\Silabs\LED\protocol\bluetooth\lib\EFR32BG12P\GCC\libbluetooth.a(bgapi_le_connection.c.obj)
                0x0000c444                sli_bt_cmd_le_connection_close
 .text.bgapi_system_listener
                0x0000c470       0x30 E:\Silabs\LED\protocol\bluetooth\lib\EFR32BG12P\GCC\libbluetooth.a(bgapi_system.c.obj)
                0x0000c470                bgapi_system_listener
 .text.lib_system_handler_init
                0x0000c4a0       0x14 E:\Silabs\LED\protocol\bluetooth\lib\EFR32BG12P\GCC\libbluetooth.a(bgapi_system.c.obj)
                0x0000c4a0                lib_system_handler_init
 .text.sli_bt_cmd_system_reset
                0x0000c4b4        0x6 E:\Silabs\LED\protocol\bluetooth\lib\EFR32BG12P\GCC\libbluetooth.a(bgapi_system.c.obj)
                0x0000c4b4                sli_bt_cmd_system_reset
 *fill*         0x0000c4ba        0x2 
 .text.bgbuf_alloc_int
                0x0000c4bc       0x94 E:\Silabs\LED\protocol\bluetooth\lib\EFR32BG12P\GCC\libbluetooth.a(bgbuf.c.obj)
 .text.bgbuf_init
                0x0000c550       0x28 E:\Silabs\LED\protocol\bluetooth\lib\EFR32BG12P\GCC\libbluetooth.a(bgbuf.c.obj)
                0x0000c550                bgbuf_init
 .text.bgbuf_alloc
                0x0000c578        0xc E:\Silabs\LED\protocol\bluetooth\lib\EFR32BG12P\GCC\libbluetooth.a(bgbuf.c.obj)
                0x0000c578                bgbuf_alloc
 .text.bgbuf_alloc_size
                0x0000c584       0x10 E:\Silabs\LED\protocol\bluetooth\lib\EFR32BG12P\GCC\libbluetooth.a(bgbuf.c.obj)
                0x0000c584                bgbuf_alloc_size
 .text.bgbuf_free
                0x0000c594       0x7c E:\Silabs\LED\protocol\bluetooth\lib\EFR32BG12P\GCC\libbluetooth.a(bgbuf.c.obj)
                0x0000c594                bgbuf_free
 .text.bgbuf_append
                0x0000c610       0x16 E:\Silabs\LED\protocol\bluetooth\lib\EFR32BG12P\GCC\libbluetooth.a(bgbuf.c.obj)
                0x0000c610                bgbuf_append
 .text.bgbuf_append_data
                0x0000c626       0x24 E:\Silabs\LED\protocol\bluetooth\lib\EFR32BG12P\GCC\libbluetooth.a(bgbuf.c.obj)
                0x0000c626                bgbuf_append_data
 .text.bgbuf_copy_to
                0x0000c64a       0x64 E:\Silabs\LED\protocol\bluetooth\lib\EFR32BG12P\GCC\libbluetooth.a(bgbuf.c.obj)
                0x0000c64a                bgbuf_copy_to
 .text.bgbuf_chain_free
                0x0000c6ae       0x14 E:\Silabs\LED\protocol\bluetooth\lib\EFR32BG12P\GCC\libbluetooth.a(bgbuf.c.obj)
                0x0000c6ae                bgbuf_chain_free
 .text.bgbuf_clone
                0x0000c6c2       0x72 E:\Silabs\LED\protocol\bluetooth\lib\EFR32BG12P\GCC\libbluetooth.a(bgbuf.c.obj)
                0x0000c6c2                bgbuf_clone
 .text.bgbuf_chain_pop_packet
                0x0000c734       0x28 E:\Silabs\LED\protocol\bluetooth\lib\EFR32BG12P\GCC\libbluetooth.a(bgbuf.c.obj)
                0x0000c734                bgbuf_chain_pop_packet
 .text.bgbuf_prepend_no_alloc
                0x0000c75c       0x3c E:\Silabs\LED\protocol\bluetooth\lib\EFR32BG12P\GCC\libbluetooth.a(bgbuf.c.obj)
                0x0000c75c                bgbuf_prepend_no_alloc
 .text.bgbuf_prepend
                0x0000c798       0x24 E:\Silabs\LED\protocol\bluetooth\lib\EFR32BG12P\GCC\libbluetooth.a(bgbuf.c.obj)
                0x0000c798                bgbuf_prepend
 .text.bgbuf_split
                0x0000c7bc       0x50 E:\Silabs\LED\protocol\bluetooth\lib\EFR32BG12P\GCC\libbluetooth.a(bgbuf.c.obj)
                0x0000c7bc                bgbuf_split
 .text.bgbuf_chain_get
                0x0000c80c       0x46 E:\Silabs\LED\protocol\bluetooth\lib\EFR32BG12P\GCC\libbluetooth.a(bgbuf.c.obj)
                0x0000c80c                bgbuf_chain_get
 .text.bgbuf_chain_get_head
                0x0000c852       0x10 E:\Silabs\LED\protocol\bluetooth\lib\EFR32BG12P\GCC\libbluetooth.a(bgbuf.c.obj)
                0x0000c852                bgbuf_chain_get_head
 .text.bgbuf_chain_len
                0x0000c862       0x14 E:\Silabs\LED\protocol\bluetooth\lib\EFR32BG12P\GCC\libbluetooth.a(bgbuf.c.obj)
                0x0000c862                bgbuf_chain_len
 .text.bgbuf_memcmp
                0x0000c876       0x44 E:\Silabs\LED\protocol\bluetooth\lib\EFR32BG12P\GCC\libbluetooth.a(bgbuf.c.obj)
                0x0000c876                bgbuf_memcmp
 .text.bgbuf_cmp
                0x0000c8ba       0xac E:\Silabs\LED\protocol\bluetooth\lib\EFR32BG12P\GCC\libbluetooth.a(bgbuf.c.obj)
                0x0000c8ba                bgbuf_cmp
 .text.bgbuf_chain_add
                0x0000c966       0x14 E:\Silabs\LED\protocol\bluetooth\lib\EFR32BG12P\GCC\libbluetooth.a(bgbuf.c.obj)
                0x0000c966                bgbuf_chain_add
 .text.bgbuf_chain_append_data
                0x0000c97a       0x64 E:\Silabs\LED\protocol\bluetooth\lib\EFR32BG12P\GCC\libbluetooth.a(bgbuf.c.obj)
                0x0000c97a                bgbuf_chain_append_data
 .text.bgbuf_alloc_copy_data
                0x0000c9de       0x2a E:\Silabs\LED\protocol\bluetooth\lib\EFR32BG12P\GCC\libbluetooth.a(bgbuf.c.obj)
                0x0000c9de                bgbuf_alloc_copy_data
 .text.bgbuf_chain_drop
                0x0000ca08       0x30 E:\Silabs\LED\protocol\bluetooth\lib\EFR32BG12P\GCC\libbluetooth.a(bgbuf.c.obj)
                0x0000ca08                bgbuf_chain_drop
 .text.bgbuf_chain_drop_end
                0x0000ca38       0x44 E:\Silabs\LED\protocol\bluetooth\lib\EFR32BG12P\GCC\libbluetooth.a(bgbuf.c.obj)
                0x0000ca38                bgbuf_chain_drop_end
 .text.bgbuf_chain_defragment
                0x0000ca7c       0x8c E:\Silabs\LED\protocol\bluetooth\lib\EFR32BG12P\GCC\libbluetooth.a(bgbuf.c.obj)
                0x0000ca7c                bgbuf_chain_defragment
 .text.bgbuf_add_callback
                0x0000cb08       0x1c E:\Silabs\LED\protocol\bluetooth\lib\EFR32BG12P\GCC\libbluetooth.a(bgbuf.c.obj)
                0x0000cb08                bgbuf_add_callback
 .text.gecko_init_alloc
                0x0000cb24       0x38 E:\Silabs\LED\protocol\bluetooth\lib\EFR32BG12P\GCC\libbluetooth.a(bglib.c.obj)
                0x0000cb24                gecko_init_alloc
 .text.user_signal_message_handler
                0x0000cb5c       0x2c E:\Silabs\LED\protocol\bluetooth\lib\EFR32BG12P\GCC\libbluetooth.a(bglib.c.obj)
 .text.gecko_process_event
                0x0000cb88       0x5c E:\Silabs\LED\protocol\bluetooth\lib\EFR32BG12P\GCC\libbluetooth.a(bglib.c.obj)
 .text.set_ctune
                0x0000cbe4       0x64 E:\Silabs\LED\protocol\bluetooth\lib\EFR32BG12P\GCC\libbluetooth.a(bglib.c.obj)
                0x0000cbe4                set_ctune
 .text.check_ctune_override
                0x0000cc48       0x2c E:\Silabs\LED\protocol\bluetooth\lib\EFR32BG12P\GCC\libbluetooth.a(bglib.c.obj)
                0x0000cc48                check_ctune_override
 .text.gecko_stack_init
                0x0000cc74      0x260 E:\Silabs\LED\protocol\bluetooth\lib\EFR32BG12P\GCC\libbluetooth.a(bglib.c.obj)
                0x0000cc74                gecko_stack_init
 .text.gecko_wait_event
                0x0000ced4        0x6 E:\Silabs\LED\protocol\bluetooth\lib\EFR32BG12P\GCC\libbluetooth.a(bglib.c.obj)
                0x0000ced4                gecko_wait_event
 *fill*         0x0000ceda        0x2 
 .text.gecko_stack_update_callback
                0x0000cedc       0x10 E:\Silabs\LED\protocol\bluetooth\lib\EFR32BG12P\GCC\libbluetooth.a(bglib.c.obj)
                0x0000cedc                gecko_stack_update_callback
 .text.bootloader_getInfo
                0x0000ceec       0x58 E:\Silabs\LED\protocol\bluetooth\lib\EFR32BG12P\GCC\libbluetooth.a(btl_interface.c.obj)
                0x0000ceec                bootloader_getInfo
 .text.gap_adv_add_attribute
                0x0000cf44       0x94 E:\Silabs\LED\protocol\bluetooth\lib\EFR32BG12P\GCC\libbluetooth.a(gap.c.obj)
 .text.gap_is_scanning_or_advertising
                0x0000cfd8       0x30 E:\Silabs\LED\protocol\bluetooth\lib\EFR32BG12P\GCC\libbluetooth.a(gap.c.obj)
 .text.gap_adv_add_name.part.2
                0x0000d008       0x86 E:\Silabs\LED\protocol\bluetooth\lib\EFR32BG12P\GCC\libbluetooth.a(gap.c.obj)
 *fill*         0x0000d08e        0x2 
 .text.check_private_address_and_timer
                0x0000d090       0x60 E:\Silabs\LED\protocol\bluetooth\lib\EFR32BG12P\GCC\libbluetooth.a(gap.c.obj)
 .text.gap_alloc_mem
                0x0000d0f0       0x28 E:\Silabs\LED\protocol\bluetooth\lib\EFR32BG12P\GCC\libbluetooth.a(gap.c.obj)
                0x0000d0f0                gap_alloc_mem
 .text.gap_init
                0x0000d118       0x14 E:\Silabs\LED\protocol\bluetooth\lib\EFR32BG12P\GCC\libbluetooth.a(gap.c.obj)
                0x0000d118                gap_init
 .text.gap_reset_state
                0x0000d12c       0xb4 E:\Silabs\LED\protocol\bluetooth\lib\EFR32BG12P\GCC\libbluetooth.a(gap.c.obj)
                0x0000d12c                gap_reset_state
 .text.gap_notify_connection_parameters
                0x0000d1e0       0x60 E:\Silabs\LED\protocol\bluetooth\lib\EFR32BG12P\GCC\libbluetooth.a(gap.c.obj)
                0x0000d1e0                gap_notify_connection_parameters
 .text.gap_connection_complete.part.6
                0x0000d240       0xcc E:\Silabs\LED\protocol\bluetooth\lib\EFR32BG12P\GCC\libbluetooth.a(gap.c.obj)
 .text.gap_notify_phy_status
                0x0000d30c       0x3c E:\Silabs\LED\protocol\bluetooth\lib\EFR32BG12P\GCC\libbluetooth.a(gap.c.obj)
                0x0000d30c                gap_notify_phy_status
 .text.gap_resolver_completed
                0x0000d348       0x78 E:\Silabs\LED\protocol\bluetooth\lib\EFR32BG12P\GCC\libbluetooth.a(gap.c.obj)
                0x0000d348                gap_resolver_completed
 .text.gap_find_ad_data
                0x0000d3c0       0x26 E:\Silabs\LED\protocol\bluetooth\lib\EFR32BG12P\GCC\libbluetooth.a(gap.c.obj)
                0x0000d3c0                gap_find_ad_data
 *fill*         0x0000d3e6        0x2 
 .text.gap_packet_handle
                0x0000d3e8       0xf8 E:\Silabs\LED\protocol\bluetooth\lib\EFR32BG12P\GCC\libbluetooth.a(gap.c.obj)
                0x0000d3e8                gap_packet_handle
 .text.gap_adv_terminated_callback
                0x0000d4e0       0x64 E:\Silabs\LED\protocol\bluetooth\lib\EFR32BG12P\GCC\libbluetooth.a(gap.c.obj)
                0x0000d4e0                gap_adv_terminated_callback
 .text.gap_adv_update
                0x0000d544      0x204 E:\Silabs\LED\protocol\bluetooth\lib\EFR32BG12P\GCC\libbluetooth.a(gap.c.obj)
                0x0000d544                gap_adv_update
 .text.gap_scan_update
                0x0000d748       0xb8 E:\Silabs\LED\protocol\bluetooth\lib\EFR32BG12P\GCC\libbluetooth.a(gap.c.obj)
                0x0000d748                gap_scan_update
 .text.gap_listener
                0x0000d800       0xa4 E:\Silabs\LED\protocol\bluetooth\lib\EFR32BG12P\GCC\libbluetooth.a(gap.c.obj)
                0x0000d800                gap_listener
 .text.gap_disconnect_acl
                0x0000d8a4       0x12 E:\Silabs\LED\protocol\bluetooth\lib\EFR32BG12P\GCC\libbluetooth.a(gap.c.obj)
                0x0000d8a4                gap_disconnect_acl
 *fill*         0x0000d8b6        0x2 
 .text.gap_connection_disconnected
                0x0000d8b8       0x34 E:\Silabs\LED\protocol\bluetooth\lib\EFR32BG12P\GCC\libbluetooth.a(gap.c.obj)
                0x0000d8b8                gap_connection_disconnected
 .text.gap_connection_complete
                0x0000d8ec       0x5c E:\Silabs\LED\protocol\bluetooth\lib\EFR32BG12P\GCC\libbluetooth.a(gap.c.obj)
                0x0000d8ec                gap_connection_complete
 .text.gap_encryption_changed
                0x0000d948       0x50 E:\Silabs\LED\protocol\bluetooth\lib\EFR32BG12P\GCC\libbluetooth.a(gap.c.obj)
                0x0000d948                gap_encryption_changed
 .text.gap_create_adv_data
                0x0000d998       0x90 E:\Silabs\LED\protocol\bluetooth\lib\EFR32BG12P\GCC\libbluetooth.a(gap.c.obj)
                0x0000d998                gap_create_adv_data
 .text.ubt_gap_set_static_address_identity
                0x0000da28       0x4c E:\Silabs\LED\protocol\bluetooth\lib\EFR32BG12P\GCC\libbluetooth.a(gap.c.obj)
                0x0000da28                ubt_gap_set_static_address_identity
 .text.ubt_gap_get_identity_address
                0x0000da74       0x1c E:\Silabs\LED\protocol\bluetooth\lib\EFR32BG12P\GCC\libbluetooth.a(gap.c.obj)
                0x0000da74                ubt_gap_get_identity_address
 .text.gap_acl_new
                0x0000da90       0x30 E:\Silabs\LED\protocol\bluetooth\lib\EFR32BG12P\GCC\libbluetooth.a(gap.c.obj)
                0x0000da90                gap_acl_new
 .text.ubt_gap_get_identity_address_type
                0x0000dac0       0x10 E:\Silabs\LED\protocol\bluetooth\lib\EFR32BG12P\GCC\libbluetooth.a(gap.c.obj)
                0x0000dac0                ubt_gap_get_identity_address_type
 .text.gap_set_advertising_timing
                0x0000dad0       0x64 E:\Silabs\LED\protocol\bluetooth\lib\EFR32BG12P\GCC\libbluetooth.a(gap.c.obj)
                0x0000dad0                gap_set_advertising_timing
 .text.gap_stop_advertising
                0x0000db34       0x34 E:\Silabs\LED\protocol\bluetooth\lib\EFR32BG12P\GCC\libbluetooth.a(gap.c.obj)
                0x0000db34                gap_stop_advertising
 .text.gap_start_advertising
                0x0000db68      0x148 E:\Silabs\LED\protocol\bluetooth\lib\EFR32BG12P\GCC\libbluetooth.a(gap.c.obj)
                0x0000db68                gap_start_advertising
 .text.gap_address_resolver_step
                0x0000dcb0       0x9c E:\Silabs\LED\protocol\bluetooth\lib\EFR32BG12P\GCC\libbluetooth.a(gap_resolver.c.obj)
                0x0000dcb0                gap_address_resolver_step
 .text.gap_resolver_start
                0x0000dd4c       0x40 E:\Silabs\LED\protocol\bluetooth\lib\EFR32BG12P\GCC\libbluetooth.a(gap_resolver.c.obj)
                0x0000dd4c                gap_resolver_start
 .text.gatt_init
                0x0000dd8c        0xc E:\Silabs\LED\protocol\bluetooth\lib\EFR32BG12P\GCC\libbluetooth.a(gatt.c.obj)
                0x0000dd8c                gatt_init
 .text.gatt_set_gattdb
                0x0000dd98       0x36 E:\Silabs\LED\protocol\bluetooth\lib\EFR32BG12P\GCC\libbluetooth.a(gatt.c.obj)
                0x0000dd98                gatt_set_gattdb
 *fill*         0x0000ddce        0x2 
 .text.gatt_init_connection
                0x0000ddd0       0x50 E:\Silabs\LED\protocol\bluetooth\lib\EFR32BG12P\GCC\libbluetooth.a(gatt.c.obj)
                0x0000ddd0                gatt_init_connection
 .text.gatt_free_connection
                0x0000de20       0x50 E:\Silabs\LED\protocol\bluetooth\lib\EFR32BG12P\GCC\libbluetooth.a(gatt.c.obj)
                0x0000de20                gatt_free_connection
 .text.send_gatt_mtu_exchanged_event
                0x0000de70       0x2a E:\Silabs\LED\protocol\bluetooth\lib\EFR32BG12P\GCC\libbluetooth.a(gatt.c.obj)
                0x0000de70                send_gatt_mtu_exchanged_event
 .text.gatt_start_procedure_timeout_timer
                0x0000de9a       0x16 E:\Silabs\LED\protocol\bluetooth\lib\EFR32BG12P\GCC\libbluetooth.a(gatt.c.obj)
                0x0000de9a                gatt_start_procedure_timeout_timer
 .text.gatt_stop_procedure_timeout_timer
                0x0000deb0        0x6 E:\Silabs\LED\protocol\bluetooth\lib\EFR32BG12P\GCC\libbluetooth.a(gatt.c.obj)
                0x0000deb0                gatt_stop_procedure_timeout_timer
 .text.gatt_procedure_timeout
                0x0000deb6       0x2e E:\Silabs\LED\protocol\bluetooth\lib\EFR32BG12P\GCC\libbluetooth.a(gatt.c.obj)
                0x0000deb6                gatt_procedure_timeout
 .text.gatt_listener
                0x0000dee4       0x60 E:\Silabs\LED\protocol\bluetooth\lib\EFR32BG12P\GCC\libbluetooth.a(gatt.c.obj)
 .text.gatt_get_connection
                0x0000df44        0xc E:\Silabs\LED\protocol\bluetooth\lib\EFR32BG12P\GCC\libbluetooth.a(gatt.c.obj)
                0x0000df44                gatt_get_connection
 .text.gatt_get_next_connection
                0x0000df50       0x1a E:\Silabs\LED\protocol\bluetooth\lib\EFR32BG12P\GCC\libbluetooth.a(gatt.c.obj)
                0x0000df50                gatt_get_next_connection
 .text.free_params_data
                0x0000df6a        0xc E:\Silabs\LED\protocol\bluetooth\lib\EFR32BG12P\GCC\libbluetooth.a(gatt_client.c.obj)
 .text.alloc_params_data
                0x0000df76       0x2c E:\Silabs\LED\protocol\bluetooth\lib\EFR32BG12P\GCC\libbluetooth.a(gatt_client.c.obj)
 .text.should_start_long_read
                0x0000dfa2       0x36 E:\Silabs\LED\protocol\bluetooth\lib\EFR32BG12P\GCC\libbluetooth.a(gatt_client.c.obj)
 .text.send_service_event
                0x0000dfd8       0x4a E:\Silabs\LED\protocol\bluetooth\lib\EFR32BG12P\GCC\libbluetooth.a(gatt_client.c.obj)
 .text.send_descriptor_value_event
                0x0000e022       0x3c E:\Silabs\LED\protocol\bluetooth\lib\EFR32BG12P\GCC\libbluetooth.a(gatt_client.c.obj)
 .text.end_procedure
                0x0000e05e       0x3c E:\Silabs\LED\protocol\bluetooth\lib\EFR32BG12P\GCC\libbluetooth.a(gatt_client.c.obj)
 .text.abort_long_write
                0x0000e09a       0x20 E:\Silabs\LED\protocol\bluetooth\lib\EFR32BG12P\GCC\libbluetooth.a(gatt_client.c.obj)
 .text.send_characteristic_value_event
                0x0000e0ba       0x72 E:\Silabs\LED\protocol\bluetooth\lib\EFR32BG12P\GCC\libbluetooth.a(gatt_client.c.obj)
 .text.write_value
                0x0000e12c       0x4a E:\Silabs\LED\protocol\bluetooth\lib\EFR32BG12P\GCC\libbluetooth.a(gatt_client.c.obj)
 *fill*         0x0000e176        0x2 
 .text.gatt_find_included_services_handler
                0x0000e178       0xb0 E:\Silabs\LED\protocol\bluetooth\lib\EFR32BG12P\GCC\libbluetooth.a(gatt_client.c.obj)
                0x0000e178                gatt_find_included_services_handler
 .text.gatt_handle_exchange_mtu_rsp
                0x0000e228       0x1c E:\Silabs\LED\protocol\bluetooth\lib\EFR32BG12P\GCC\libbluetooth.a(gatt_client.c.obj)
                0x0000e228                gatt_handle_exchange_mtu_rsp
 .text.gatt_handle_find_information_response
                0x0000e244      0x152 E:\Silabs\LED\protocol\bluetooth\lib\EFR32BG12P\GCC\libbluetooth.a(gatt_client.c.obj)
                0x0000e244                gatt_handle_find_information_response
 .text.gatt_handle_find_by_type_value_response
                0x0000e396       0xa0 E:\Silabs\LED\protocol\bluetooth\lib\EFR32BG12P\GCC\libbluetooth.a(gatt_client.c.obj)
                0x0000e396                gatt_handle_find_by_type_value_response
 *fill*         0x0000e436        0x2 
 .text.gatt_handle_read_response
                0x0000e438       0xe4 E:\Silabs\LED\protocol\bluetooth\lib\EFR32BG12P\GCC\libbluetooth.a(gatt_client.c.obj)
                0x0000e438                gatt_handle_read_response
 .text.read_long_value_handler
                0x0000e51c       0x72 E:\Silabs\LED\protocol\bluetooth\lib\EFR32BG12P\GCC\libbluetooth.a(gatt_client.c.obj)
 .text.gatt_handle_read_blob_response
                0x0000e58e       0x36 E:\Silabs\LED\protocol\bluetooth\lib\EFR32BG12P\GCC\libbluetooth.a(gatt_client.c.obj)
                0x0000e58e                gatt_handle_read_blob_response
 .text.gatt_handle_read_multiple_response
                0x0000e5c4       0x3c E:\Silabs\LED\protocol\bluetooth\lib\EFR32BG12P\GCC\libbluetooth.a(gatt_client.c.obj)
                0x0000e5c4                gatt_handle_read_multiple_response
 .text.gatt_handle_read_by_type_response
                0x0000e600      0x148 E:\Silabs\LED\protocol\bluetooth\lib\EFR32BG12P\GCC\libbluetooth.a(gatt_client.c.obj)
                0x0000e600                gatt_handle_read_by_type_response
 .text.gatt_handle_read_by_group_type_response
                0x0000e748       0xae E:\Silabs\LED\protocol\bluetooth\lib\EFR32BG12P\GCC\libbluetooth.a(gatt_client.c.obj)
                0x0000e748                gatt_handle_read_by_group_type_response
 .text.gatt_handle_write_response
                0x0000e7f6       0x14 E:\Silabs\LED\protocol\bluetooth\lib\EFR32BG12P\GCC\libbluetooth.a(gatt_client.c.obj)
                0x0000e7f6                gatt_handle_write_response
 .text.gatt_handle_prepare_write_response
                0x0000e80a       0xb8 E:\Silabs\LED\protocol\bluetooth\lib\EFR32BG12P\GCC\libbluetooth.a(gatt_client.c.obj)
                0x0000e80a                gatt_handle_prepare_write_response
 .text.gatt_handle_execute_write_response
                0x0000e8c2       0x3c E:\Silabs\LED\protocol\bluetooth\lib\EFR32BG12P\GCC\libbluetooth.a(gatt_client.c.obj)
                0x0000e8c2                gatt_handle_execute_write_response
 .text.gatt_client_handle_value_notification
                0x0000e8fe       0x12 E:\Silabs\LED\protocol\bluetooth\lib\EFR32BG12P\GCC\libbluetooth.a(gatt_client.c.obj)
                0x0000e8fe                gatt_client_handle_value_notification
 .text.gatt_client_handle_value_indication
                0x0000e910       0x14 E:\Silabs\LED\protocol\bluetooth\lib\EFR32BG12P\GCC\libbluetooth.a(gatt_client.c.obj)
                0x0000e910                gatt_client_handle_value_indication
 .text.gatt_client_init
                0x0000e924        0xc E:\Silabs\LED\protocol\bluetooth\lib\EFR32BG12P\GCC\libbluetooth.a(gatt_client.c.obj)
                0x0000e924                gatt_client_init
 .text.get_att_uuid16
                0x0000e930       0x24 E:\Silabs\LED\protocol\bluetooth\lib\EFR32BG12P\GCC\libbluetooth.a(gatt_db_minimal.c.obj)
 .text.get_client_conf
                0x0000e954       0x24 E:\Silabs\LED\protocol\bluetooth\lib\EFR32BG12P\GCC\libbluetooth.a(gatt_db_minimal.c.obj)
 .text.gatt_db_set_db
                0x0000e978       0x14 E:\Silabs\LED\protocol\bluetooth\lib\EFR32BG12P\GCC\libbluetooth.a(gatt_db_minimal.c.obj)
                0x0000e978                gatt_db_set_db
 .text.gatt_db_invalidate_checksum
                0x0000e98c       0x10 E:\Silabs\LED\protocol\bluetooth\lib\EFR32BG12P\GCC\libbluetooth.a(gatt_db_minimal.c.obj)
                0x0000e98c                gatt_db_invalidate_checksum
 .text.gatt_db_get_checksum
                0x0000e99c       0xa4 E:\Silabs\LED\protocol\bluetooth\lib\EFR32BG12P\GCC\libbluetooth.a(gatt_db_minimal.c.obj)
                0x0000e99c                gatt_db_get_checksum
 .text.gatt_db_handle_inrange
                0x0000ea40       0x18 E:\Silabs\LED\protocol\bluetooth\lib\EFR32BG12P\GCC\libbluetooth.a(gatt_db_minimal.c.obj)
                0x0000ea40                gatt_db_handle_inrange
 .text.gatt_db_handle_active
                0x0000ea58       0x30 E:\Silabs\LED\protocol\bluetooth\lib\EFR32BG12P\GCC\libbluetooth.a(gatt_db_minimal.c.obj)
                0x0000ea58                gatt_db_handle_active
 .text.get_client_conf_index
                0x0000ea88       0x44 E:\Silabs\LED\protocol\bluetooth\lib\EFR32BG12P\GCC\libbluetooth.a(gatt_db_minimal.c.obj)
 .text.gatt_db_get_char_properties
                0x0000eacc       0x4c E:\Silabs\LED\protocol\bluetooth\lib\EFR32BG12P\GCC\libbluetooth.a(gatt_db_minimal.c.obj)
                0x0000eacc                gatt_db_get_char_properties
 .text.gatt_db_user_value
                0x0000eb18       0x1c E:\Silabs\LED\protocol\bluetooth\lib\EFR32BG12P\GCC\libbluetooth.a(gatt_db_minimal.c.obj)
                0x0000eb18                gatt_db_user_value
 .text.gatt_db_load_client_conf
                0x0000eb34       0x32 E:\Silabs\LED\protocol\bluetooth\lib\EFR32BG12P\GCC\libbluetooth.a(gatt_db_minimal.c.obj)
                0x0000eb34                gatt_db_load_client_conf
 *fill*         0x0000eb66        0x2 
 .text.gatt_db_get_client_conf
                0x0000eb68       0x68 E:\Silabs\LED\protocol\bluetooth\lib\EFR32BG12P\GCC\libbluetooth.a(gatt_db_minimal.c.obj)
                0x0000eb68                gatt_db_get_client_conf
 .text.gatt_db_get_att_len
                0x0000ebd0       0x3c E:\Silabs\LED\protocol\bluetooth\lib\EFR32BG12P\GCC\libbluetooth.a(gatt_db_minimal.c.obj)
                0x0000ebd0                gatt_db_get_att_len
 .text.gatt_db_check_permissions
                0x0000ec0c      0x124 E:\Silabs\LED\protocol\bluetooth\lib\EFR32BG12P\GCC\libbluetooth.a(gatt_db_minimal.c.obj)
                0x0000ec0c                gatt_db_check_permissions
 .text.gatt_db_get_data
                0x0000ed30       0x84 E:\Silabs\LED\protocol\bluetooth\lib\EFR32BG12P\GCC\libbluetooth.a(gatt_db_minimal.c.obj)
                0x0000ed30                gatt_db_get_data
 .text.gatt_db_find_attribute_by_type
                0x0000edb4       0x38 E:\Silabs\LED\protocol\bluetooth\lib\EFR32BG12P\GCC\libbluetooth.a(gatt_db_minimal.c.obj)
                0x0000edb4                gatt_db_find_attribute_by_type
 .text.gatt_db_find_group_end
                0x0000edec       0x48 E:\Silabs\LED\protocol\bluetooth\lib\EFR32BG12P\GCC\libbluetooth.a(gatt_db_minimal.c.obj)
                0x0000edec                gatt_db_find_group_end
 .text.gatt_db_find_by_type_value
                0x0000ee34       0x92 E:\Silabs\LED\protocol\bluetooth\lib\EFR32BG12P\GCC\libbluetooth.a(gatt_db_minimal.c.obj)
                0x0000ee34                gatt_db_find_by_type_value
 *fill*         0x0000eec6        0x2 
 .text.gatt_db_populate_adv_services
                0x0000eec8      0x138 E:\Silabs\LED\protocol\bluetooth\lib\EFR32BG12P\GCC\libbluetooth.a(gatt_db_minimal.c.obj)
                0x0000eec8                gatt_db_populate_adv_services
 .text.gatt_db_get_attribute_type
                0x0000f000       0x34 E:\Silabs\LED\protocol\bluetooth\lib\EFR32BG12P\GCC\libbluetooth.a(gatt_db_minimal.c.obj)
                0x0000f000                gatt_db_get_attribute_type
 .text.gatt_db_get_16bit_char_handle
                0x0000f034       0x26 E:\Silabs\LED\protocol\bluetooth\lib\EFR32BG12P\GCC\libbluetooth.a(gatt_db_minimal.c.obj)
                0x0000f034                gatt_db_get_16bit_char_handle
 *fill*         0x0000f05a        0x2 
 .text.set_client_conf
                0x0000f05c       0xa8 E:\Silabs\LED\protocol\bluetooth\lib\EFR32BG12P\GCC\libbluetooth.a(gatt_db_minimal.c.obj)
 .text.gatt_db_set_data
                0x0000f104      0x154 E:\Silabs\LED\protocol\bluetooth\lib\EFR32BG12P\GCC\libbluetooth.a(gatt_db_minimal.c.obj)
                0x0000f104                gatt_db_set_data
 .text.gatt_db_reset_client_conf
                0x0000f258       0x36 E:\Silabs\LED\protocol\bluetooth\lib\EFR32BG12P\GCC\libbluetooth.a(gatt_db_minimal.c.obj)
                0x0000f258                gatt_db_reset_client_conf
 .text.send_user_write_request_event
                0x0000f28e       0x3a E:\Silabs\LED\protocol\bluetooth\lib\EFR32BG12P\GCC\libbluetooth.a(gatt_server.c.obj)
 .text.send_execute_write_completed_event
                0x0000f2c8       0x2a E:\Silabs\LED\protocol\bluetooth\lib\EFR32BG12P\GCC\libbluetooth.a(gatt_server.c.obj)
 .text.finish_read_req
                0x0000f2f2       0x42 E:\Silabs\LED\protocol\bluetooth\lib\EFR32BG12P\GCC\libbluetooth.a(gatt_server.c.obj)
 .text.handle_read_req
                0x0000f334       0x98 E:\Silabs\LED\protocol\bluetooth\lib\EFR32BG12P\GCC\libbluetooth.a(gatt_server.c.obj)
 .text.finish_execute_write_req
                0x0000f3cc       0xa8 E:\Silabs\LED\protocol\bluetooth\lib\EFR32BG12P\GCC\libbluetooth.a(gatt_server.c.obj)
 .text.send_notification
                0x0000f474       0x6c E:\Silabs\LED\protocol\bluetooth\lib\EFR32BG12P\GCC\libbluetooth.a(gatt_server.c.obj)
 .text.gatt_server_send_attribute_value_event
                0x0000f4e0       0x3a E:\Silabs\LED\protocol\bluetooth\lib\EFR32BG12P\GCC\libbluetooth.a(gatt_server.c.obj)
                0x0000f4e0                gatt_server_send_attribute_value_event
 .text.gatt_server_send_characteristic_status_event
                0x0000f51a       0x32 E:\Silabs\LED\protocol\bluetooth\lib\EFR32BG12P\GCC\libbluetooth.a(gatt_server.c.obj)
                0x0000f51a                gatt_server_send_characteristic_status_event
 .text.gatt_server_handle_exchange_mtu_req
                0x0000f54c       0x3c E:\Silabs\LED\protocol\bluetooth\lib\EFR32BG12P\GCC\libbluetooth.a(gatt_server.c.obj)
                0x0000f54c                gatt_server_handle_exchange_mtu_req
 .text.gatt_server_handle_read_by_group_type
                0x0000f588      0x120 E:\Silabs\LED\protocol\bluetooth\lib\EFR32BG12P\GCC\libbluetooth.a(gatt_server.c.obj)
                0x0000f588                gatt_server_handle_read_by_group_type
 .text.gatt_server_handle_read_by_type
                0x0000f6a8      0x124 E:\Silabs\LED\protocol\bluetooth\lib\EFR32BG12P\GCC\libbluetooth.a(gatt_server.c.obj)
                0x0000f6a8                gatt_server_handle_read_by_type
 .text.gatt_server_handle_find_information
                0x0000f7cc       0xe2 E:\Silabs\LED\protocol\bluetooth\lib\EFR32BG12P\GCC\libbluetooth.a(gatt_server.c.obj)
                0x0000f7cc                gatt_server_handle_find_information
 .text.gatt_server_handle_find_by_type_value_req
                0x0000f8ae       0xc8 E:\Silabs\LED\protocol\bluetooth\lib\EFR32BG12P\GCC\libbluetooth.a(gatt_server.c.obj)
                0x0000f8ae                gatt_server_handle_find_by_type_value_req
 .text.gatt_server_handle_read_req
                0x0000f976        0xc E:\Silabs\LED\protocol\bluetooth\lib\EFR32BG12P\GCC\libbluetooth.a(gatt_server.c.obj)
                0x0000f976                gatt_server_handle_read_req
 .text.gatt_server_handle_read_blob_req
                0x0000f982        0xa E:\Silabs\LED\protocol\bluetooth\lib\EFR32BG12P\GCC\libbluetooth.a(gatt_server.c.obj)
                0x0000f982                gatt_server_handle_read_blob_req
 .text.gatt_server_handle_read_multiple_req
                0x0000f98c       0xd4 E:\Silabs\LED\protocol\bluetooth\lib\EFR32BG12P\GCC\libbluetooth.a(gatt_server.c.obj)
                0x0000f98c                gatt_server_handle_read_multiple_req
 .text.gatt_server_handle_write_req
                0x0000fa60       0x70 E:\Silabs\LED\protocol\bluetooth\lib\EFR32BG12P\GCC\libbluetooth.a(gatt_server.c.obj)
                0x0000fa60                gatt_server_handle_write_req
 .text.gatt_server_handle_write_cmd
                0x0000fad0       0x5a E:\Silabs\LED\protocol\bluetooth\lib\EFR32BG12P\GCC\libbluetooth.a(gatt_server.c.obj)
                0x0000fad0                gatt_server_handle_write_cmd
 .text.gatt_server_handle_prepare_write_req
                0x0000fb2a       0xa4 E:\Silabs\LED\protocol\bluetooth\lib\EFR32BG12P\GCC\libbluetooth.a(gatt_server.c.obj)
                0x0000fb2a                gatt_server_handle_prepare_write_req
 .text.gatt_server_handle_execute_write_req
                0x0000fbce       0x28 E:\Silabs\LED\protocol\bluetooth\lib\EFR32BG12P\GCC\libbluetooth.a(gatt_server.c.obj)
                0x0000fbce                gatt_server_handle_execute_write_req
 .text.gatt_server_handle_value_cfm
                0x0000fbf6       0x50 E:\Silabs\LED\protocol\bluetooth\lib\EFR32BG12P\GCC\libbluetooth.a(gatt_server.c.obj)
                0x0000fbf6                gatt_server_handle_value_cfm
 .text.gatt_server_send_user_write_response
                0x0000fc46       0x6e E:\Silabs\LED\protocol\bluetooth\lib\EFR32BG12P\GCC\libbluetooth.a(gatt_server.c.obj)
                0x0000fc46                gatt_server_send_user_write_response
 .text.gatt_server_report_gattdb_change
                0x0000fcb4       0x5e E:\Silabs\LED\protocol\bluetooth\lib\EFR32BG12P\GCC\libbluetooth.a(gatt_server.c.obj)
                0x0000fcb4                gatt_server_report_gattdb_change
 *fill*         0x0000fd12        0x2 
 .text.gatt_server_report_client_config
                0x0000fd14       0xa8 E:\Silabs\LED\protocol\bluetooth\lib\EFR32BG12P\GCC\libbluetooth.a(gatt_server.c.obj)
                0x0000fd14                gatt_server_report_client_config
 .text.gecko_bgapi_class_dfu_init
                0x0000fdbc       0x12 E:\Silabs\LED\protocol\bluetooth\lib\EFR32BG12P\GCC\libbluetooth.a(gecko_bgapi_dfu.c.obj)
                0x0000fdbc                gecko_bgapi_class_dfu_init
 .text.gecko_bgapi_class_endpoint_init
                0x0000fdce       0x12 E:\Silabs\LED\protocol\bluetooth\lib\EFR32BG12P\GCC\libbluetooth.a(gecko_bgapi_endpoint.c.obj)
                0x0000fdce                gecko_bgapi_class_endpoint_init
 .text.gecko_bgapi_class_flash_init
                0x0000fde0       0x12 E:\Silabs\LED\protocol\bluetooth\lib\EFR32BG12P\GCC\libbluetooth.a(gecko_bgapi_flash.c.obj)
                0x0000fde0                gecko_bgapi_class_flash_init
 .text.gecko_bgapi_class_le_gap_init
                0x0000fdf2       0x12 E:\Silabs\LED\protocol\bluetooth\lib\EFR32BG12P\GCC\libbluetooth.a(gecko_bgapi_gap.c.obj)
                0x0000fdf2                gecko_bgapi_class_le_gap_init
 .text.gecko_bgapi_class_gatt_init
                0x0000fe04       0x12 E:\Silabs\LED\protocol\bluetooth\lib\EFR32BG12P\GCC\libbluetooth.a(gecko_bgapi_gatt.c.obj)
                0x0000fe04                gecko_bgapi_class_gatt_init
 .text.gecko_bgapi_class_gatt_server_init
                0x0000fe16       0x12 E:\Silabs\LED\protocol\bluetooth\lib\EFR32BG12P\GCC\libbluetooth.a(gecko_bgapi_gatt_server.c.obj)
                0x0000fe16                gecko_bgapi_class_gatt_server_init
 .text.gecko_bgapi_class_hardware_init
                0x0000fe28       0x12 E:\Silabs\LED\protocol\bluetooth\lib\EFR32BG12P\GCC\libbluetooth.a(gecko_bgapi_hardware.c.obj)
                0x0000fe28                gecko_bgapi_class_hardware_init
 .text.gecko_bgapi_class_le_connection_init
                0x0000fe3a       0x12 E:\Silabs\LED\protocol\bluetooth\lib\EFR32BG12P\GCC\libbluetooth.a(gecko_bgapi_le_connection.c.obj)
                0x0000fe3a                gecko_bgapi_class_le_connection_init
 .text.gecko_bgapi_class_sm_init
                0x0000fe4c       0x12 E:\Silabs\LED\protocol\bluetooth\lib\EFR32BG12P\GCC\libbluetooth.a(gecko_bgapi_sm.c.obj)
                0x0000fe4c                gecko_bgapi_class_sm_init
 .text.gecko_bgapi_class_system_init
                0x0000fe5e       0x12 E:\Silabs\LED\protocol\bluetooth\lib\EFR32BG12P\GCC\libbluetooth.a(gecko_bgapi_system.c.obj)
                0x0000fe5e                gecko_bgapi_class_system_init
 .text.gecko_bgapi_class_test_init
                0x0000fe70       0x12 E:\Silabs\LED\protocol\bluetooth\lib\EFR32BG12P\GCC\libbluetooth.a(gecko_bgapi_test.c.obj)
                0x0000fe70                gecko_bgapi_class_test_init
 *fill*         0x0000fe82        0x2 
 .text.handle_bgapi_output
                0x0000fe84       0x74 E:\Silabs\LED\protocol\bluetooth\lib\EFR32BG12P\GCC\libbluetooth.a(gecko_endpoints.c.obj)
 .text.finish_command.isra.0
                0x0000fef8       0x28 E:\Silabs\LED\protocol\bluetooth\lib\EFR32BG12P\GCC\libbluetooth.a(gecko_endpoints.c.obj)
 .text.gecko_release_evt
                0x0000ff20       0x14 E:\Silabs\LED\protocol\bluetooth\lib\EFR32BG12P\GCC\libbluetooth.a(gecko_endpoints.c.obj)
                0x0000ff20                gecko_release_evt
 .text.gecko_get_evt
                0x0000ff34       0x10 E:\Silabs\LED\protocol\bluetooth\lib\EFR32BG12P\GCC\libbluetooth.a(gecko_endpoints.c.obj)
                0x0000ff34                gecko_get_evt
 .text.gecko_register_bgapi_library
                0x0000ff44       0x38 E:\Silabs\LED\protocol\bluetooth\lib\EFR32BG12P\GCC\libbluetooth.a(gecko_endpoints.c.obj)
                0x0000ff44                gecko_register_bgapi_library
 .text.gecko_handle_library_packet
                0x0000ff7c       0x10 E:\Silabs\LED\protocol\bluetooth\lib\EFR32BG12P\GCC\libbluetooth.a(gecko_endpoints.c.obj)
                0x0000ff7c                gecko_handle_library_packet
 .text.sli_bt_cmd_handler_delegate
                0x0000ff8c       0x74 E:\Silabs\LED\protocol\bluetooth\lib\EFR32BG12P\GCC\libbluetooth.a(gecko_endpoints.c.obj)
                0x0000ff8c                sli_bt_cmd_handler_delegate
 .text.hci_increase_token
                0x00010000       0x12 E:\Silabs\LED\protocol\bluetooth\lib\EFR32BG12P\GCC\libbluetooth.a(hci.c.obj)
 *fill*         0x00010012        0x2 
 .text.hci_init
                0x00010014       0x1c E:\Silabs\LED\protocol\bluetooth\lib\EFR32BG12P\GCC\libbluetooth.a(hci.c.obj)
                0x00010014                hci_init
 .text.hci_command_status_handle
                0x00010030       0x40 E:\Silabs\LED\protocol\bluetooth\lib\EFR32BG12P\GCC\libbluetooth.a(hci.c.obj)
                0x00010030                hci_command_status_handle
 .text.hci_command_complete_handle
                0x00010070      0x198 E:\Silabs\LED\protocol\bluetooth\lib\EFR32BG12P\GCC\libbluetooth.a(hci.c.obj)
                0x00010070                hci_command_complete_handle
 .text.hci_inject_acl
                0x00010208        0xc E:\Silabs\LED\protocol\bluetooth\lib\EFR32BG12P\GCC\libbluetooth.a(hci.c.obj)
                0x00010208                hci_inject_acl
 .text.hci_packets_waiting
                0x00010214       0x18 E:\Silabs\LED\protocol\bluetooth\lib\EFR32BG12P\GCC\libbluetooth.a(hci.c.obj)
                0x00010214                hci_packets_waiting
 .text.hci_get_acl_packet
                0x0001022c       0x14 E:\Silabs\LED\protocol\bluetooth\lib\EFR32BG12P\GCC\libbluetooth.a(hci.c.obj)
                0x0001022c                hci_get_acl_packet
 .text.hci_send_command
                0x00010240       0x12 E:\Silabs\LED\protocol\bluetooth\lib\EFR32BG12P\GCC\libbluetooth.a(hci.c.obj)
                0x00010240                hci_send_command
 .text.hci_read_bdaddr
                0x00010252       0x1c E:\Silabs\LED\protocol\bluetooth\lib\EFR32BG12P\GCC\libbluetooth.a(hci.c.obj)
                0x00010252                hci_read_bdaddr
 *fill*         0x0001026e        0x2 
 .text.hci_state_listener
                0x00010270       0x14 E:\Silabs\LED\protocol\bluetooth\lib\EFR32BG12P\GCC\libbluetooth.a(hci.c.obj)
                0x00010270                hci_state_listener
 .text.hci_set_state
                0x00010284       0x1c E:\Silabs\LED\protocol\bluetooth\lib\EFR32BG12P\GCC\libbluetooth.a(hci.c.obj)
                0x00010284                hci_set_state
 .text.hci_state_listener_init
                0x000102a0       0x10 E:\Silabs\LED\protocol\bluetooth\lib\EFR32BG12P\GCC\libbluetooth.a(hci.c.obj)
                0x000102a0                hci_state_listener_init
 .text.hci_state_listener_init_default_data_length
                0x000102b0       0x68 E:\Silabs\LED\protocol\bluetooth\lib\EFR32BG12P\GCC\libbluetooth.a(hci.c.obj)
                0x000102b0                hci_state_listener_init_default_data_length
 .text.hci_run  0x00010318        0x6 E:\Silabs\LED\protocol\bluetooth\lib\EFR32BG12P\GCC\libbluetooth.a(hci.c.obj)
                0x00010318                hci_run
 .text.hci_start
                0x0001031e        0x6 E:\Silabs\LED\protocol\bluetooth\lib\EFR32BG12P\GCC\libbluetooth.a(hci.c.obj)
                0x0001031e                hci_start
 .text.hci_cleanup_acl
                0x00010324       0x28 E:\Silabs\LED\protocol\bluetooth\lib\EFR32BG12P\GCC\libbluetooth.a(hci.c.obj)
                0x00010324                hci_cleanup_acl
 .text.hci_send_acl
                0x0001034c       0xac E:\Silabs\LED\protocol\bluetooth\lib\EFR32BG12P\GCC\libbluetooth.a(hci.c.obj)
                0x0001034c                hci_send_acl
 .text.hci_le_set_random_address
                0x000103f8       0x30 E:\Silabs\LED\protocol\bluetooth\lib\EFR32BG12P\GCC\libbluetooth.a(hci.c.obj)
                0x000103f8                hci_le_set_random_address
 .text.hci_le_set_extended_advertising_parameters
                0x00010428       0xbc E:\Silabs\LED\protocol\bluetooth\lib\EFR32BG12P\GCC\libbluetooth.a(hci.c.obj)
                0x00010428                hci_le_set_extended_advertising_parameters
 .text.hci_le_set_advertising_set_random_address
                0x000104e4       0x30 E:\Silabs\LED\protocol\bluetooth\lib\EFR32BG12P\GCC\libbluetooth.a(hci.c.obj)
                0x000104e4                hci_le_set_advertising_set_random_address
 .text.hci_le_set_extended_advertising_data
                0x00010514       0x48 E:\Silabs\LED\protocol\bluetooth\lib\EFR32BG12P\GCC\libbluetooth.a(hci.c.obj)
                0x00010514                hci_le_set_extended_advertising_data
 .text.hci_le_set_extended_scan_response_data
                0x0001055c       0x48 E:\Silabs\LED\protocol\bluetooth\lib\EFR32BG12P\GCC\libbluetooth.a(hci.c.obj)
                0x0001055c                hci_le_set_extended_scan_response_data
 .text.hci_le_set_extended_advertising_enable
                0x000105a4       0x3c E:\Silabs\LED\protocol\bluetooth\lib\EFR32BG12P\GCC\libbluetooth.a(hci.c.obj)
                0x000105a4                hci_le_set_extended_advertising_enable
 .text.hci_le_set_extended_scan_parameters
                0x000105e0       0x4c E:\Silabs\LED\protocol\bluetooth\lib\EFR32BG12P\GCC\libbluetooth.a(hci.c.obj)
                0x000105e0                hci_le_set_extended_scan_parameters
 .text.hci_le_set_scan_enable
                0x0001062c       0x2c E:\Silabs\LED\protocol\bluetooth\lib\EFR32BG12P\GCC\libbluetooth.a(hci.c.obj)
                0x0001062c                hci_le_set_scan_enable
 .text.hci_le_create_connection_cancel
                0x00010658       0x14 E:\Silabs\LED\protocol\bluetooth\lib\EFR32BG12P\GCC\libbluetooth.a(hci.c.obj)
                0x00010658                hci_le_create_connection_cancel
 .text.hci_close_acl
                0x0001066c       0x42 E:\Silabs\LED\protocol\bluetooth\lib\EFR32BG12P\GCC\libbluetooth.a(hci.c.obj)
                0x0001066c                hci_close_acl
 *fill*         0x000106ae        0x2 
 .text.hci_le_connection_update
                0x000106b0       0x58 E:\Silabs\LED\protocol\bluetooth\lib\EFR32BG12P\GCC\libbluetooth.a(hci.c.obj)
                0x000106b0                hci_le_connection_update
 .text.hci_le_start_encryption
                0x00010708       0x50 E:\Silabs\LED\protocol\bluetooth\lib\EFR32BG12P\GCC\libbluetooth.a(hci.c.obj)
                0x00010708                hci_le_start_encryption
 .text.hci_le_ltk_reply
                0x00010758       0x4c E:\Silabs\LED\protocol\bluetooth\lib\EFR32BG12P\GCC\libbluetooth.a(hci.c.obj)
                0x00010758                hci_le_ltk_reply
 .text.hci_le_remote_connection_parameter_request_reply
                0x000107a4       0x58 E:\Silabs\LED\protocol\bluetooth\lib\EFR32BG12P\GCC\libbluetooth.a(hci.c.obj)
                0x000107a4                hci_le_remote_connection_parameter_request_reply
 .text.hci_event_handle_le_meta
                0x000107fc      0x294 E:\Silabs\LED\protocol\bluetooth\lib\EFR32BG12P\GCC\libbluetooth.a(hci.c.obj)
                0x000107fc                hci_event_handle_le_meta
 .text.hci_event_handle
                0x00010a90       0xee E:\Silabs\LED\protocol\bluetooth\lib\EFR32BG12P\GCC\libbluetooth.a(hci.c.obj)
                0x00010a90                hci_event_handle
 .text.hci_get_and_handle
                0x00010b7e       0x2e E:\Silabs\LED\protocol\bluetooth\lib\EFR32BG12P\GCC\libbluetooth.a(hci.c.obj)
                0x00010b7e                hci_get_and_handle
 .text.hci_state_listener_idle
                0x00010bac       0x1c E:\Silabs\LED\protocol\bluetooth\lib\EFR32BG12P\GCC\libbluetooth.a(hci.c.obj)
                0x00010bac                hci_state_listener_idle
 .text.hci_read_conn_phy
                0x00010bc8       0x24 E:\Silabs\LED\protocol\bluetooth\lib\EFR32BG12P\GCC\libbluetooth.a(hci.c.obj)
                0x00010bc8                hci_read_conn_phy
 .text.cmd2bgbuf
                0x00010bec        0x4 E:\Silabs\LED\protocol\bluetooth\lib\EFR32BG12P\GCC\libbluetooth.a(hci_pck.c.obj)
                0x00010bec                cmd2bgbuf
 .text.hci_command_alloc
                0x00010bf0       0x30 E:\Silabs\LED\protocol\bluetooth\lib\EFR32BG12P\GCC\libbluetooth.a(hci_pck.c.obj)
                0x00010bf0                hci_command_alloc
 .text.hci_get_output_acl
                0x00010c20        0xc E:\Silabs\LED\protocol\bluetooth\lib\EFR32BG12P\GCC\libbluetooth.a(hci_pck.c.obj)
                0x00010c20                hci_get_output_acl
 .text.hci_get_event
                0x00010c2c       0x14 E:\Silabs\LED\protocol\bluetooth\lib\EFR32BG12P\GCC\libbluetooth.a(hci_pck.c.obj)
                0x00010c2c                hci_get_event
 .text.hci_inject_event
                0x00010c40       0x18 E:\Silabs\LED\protocol\bluetooth\lib\EFR32BG12P\GCC\libbluetooth.a(hci_pck.c.obj)
                0x00010c40                hci_inject_event
 .text.bg_post_wakeup
                0x00010c58        0x2 E:\Silabs\LED\protocol\bluetooth\lib\EFR32BG12P\GCC\libbluetooth.a(init.c.obj)
                0x00010c58                bg_post_wakeup
 *fill*         0x00010c5a        0x2 
 .text.set_power_curves.constprop.0
                0x00010c5c       0x40 E:\Silabs\LED\protocol\bluetooth\lib\EFR32BG12P\GCC\libbluetooth.a(init.c.obj)
 .text.bg_pre_sleep
                0x00010c9c        0x2 E:\Silabs\LED\protocol\bluetooth\lib\EFR32BG12P\GCC\libbluetooth.a(init.c.obj)
                0x00010c9c                bg_pre_sleep
 .text.bg_get_le_phys
                0x00010c9e        0x4 E:\Silabs\LED\protocol\bluetooth\lib\EFR32BG12P\GCC\libbluetooth.a(init.c.obj)
                0x00010c9e                bg_get_le_phys
 *fill*         0x00010ca2        0x2 
 .text.bg_low_init
                0x00010ca4       0x30 E:\Silabs\LED\protocol\bluetooth\lib\EFR32BG12P\GCC\libbluetooth.a(init.c.obj)
                0x00010ca4                bg_low_init
 .text.bg_radio_pa_set_tx_power
                0x00010cd4       0xb4 E:\Silabs\LED\protocol\bluetooth\lib\EFR32BG12P\GCC\libbluetooth.a(init.c.obj)
                0x00010cd4                bg_radio_pa_set_tx_power
 .text.bg_radio_init
                0x00010d88       0xdc E:\Silabs\LED\protocol\bluetooth\lib\EFR32BG12P\GCC\libbluetooth.a(init.c.obj)
                0x00010d88                bg_radio_init
 .text.irq_init
                0x00010e64       0x88 E:\Silabs\LED\protocol\bluetooth\lib\EFR32BG12P\GCC\libbluetooth.a(irq.c.obj)
                0x00010e64                irq_init
 .text.l2cap_send_update_parameters_response
                0x00010eec       0x48 E:\Silabs\LED\protocol\bluetooth\lib\EFR32BG12P\GCC\libbluetooth.a(l2cap.c.obj)
 .text.l2cap_message_handler
                0x00010f34       0x34 E:\Silabs\LED\protocol\bluetooth\lib\EFR32BG12P\GCC\libbluetooth.a(l2cap.c.obj)
                0x00010f34                l2cap_message_handler
 .text.l2cap_send_command_reject.constprop.1
                0x00010f68       0x48 E:\Silabs\LED\protocol\bluetooth\lib\EFR32BG12P\GCC\libbluetooth.a(l2cap.c.obj)
 .text.l2cap_init
                0x00010fb0       0x20 E:\Silabs\LED\protocol\bluetooth\lib\EFR32BG12P\GCC\libbluetooth.a(l2cap.c.obj)
                0x00010fb0                l2cap_init
 .text.l2cap_send_fixed_channel
                0x00010fd0       0x40 E:\Silabs\LED\protocol\bluetooth\lib\EFR32BG12P\GCC\libbluetooth.a(l2cap.c.obj)
                0x00010fd0                l2cap_send_fixed_channel
 .text.acl_packet_handle
                0x00011010      0x150 E:\Silabs\LED\protocol\bluetooth\lib\EFR32BG12P\GCC\libbluetooth.a(l2cap.c.obj)
                0x00011010                acl_packet_handle
 .text.ll_hciSetCommandCompleteHeader
                0x00011160       0x1e E:\Silabs\LED\protocol\bluetooth\lib\EFR32BG12P\GCC\libbluetooth.a(ll_hci.c.obj)
                0x00011160                ll_hciSetCommandCompleteHeader
 .text.ll_hciSetMetaEventHeader
                0x0001117e       0x12 E:\Silabs\LED\protocol\bluetooth\lib\EFR32BG12P\GCC\libbluetooth.a(ll_hci.c.obj)
                0x0001117e                ll_hciSetMetaEventHeader
 .text.ll_hciSetCommandStatusHeader
                0x00011190       0x1a E:\Silabs\LED\protocol\bluetooth\lib\EFR32BG12P\GCC\libbluetooth.a(ll_hci.c.obj)
                0x00011190                ll_hciSetCommandStatusHeader
 .text.ll_hciSendHCIEvent
                0x000111aa        0xc E:\Silabs\LED\protocol\bluetooth\lib\EFR32BG12P\GCC\libbluetooth.a(ll_hci.c.obj)
                0x000111aa                ll_hciSendHCIEvent
 .text.ll_hciSendGenericCommandComplete
                0x000111b6       0x24 E:\Silabs\LED\protocol\bluetooth\lib\EFR32BG12P\GCC\libbluetooth.a(ll_hci.c.obj)
                0x000111b6                ll_hciSendGenericCommandComplete
 *fill*         0x000111da        0x2 
 .text.ll_hciInit
                0x000111dc        0xc E:\Silabs\LED\protocol\bluetooth\lib\EFR32BG12P\GCC\libbluetooth.a(ll_hci.c.obj)
                0x000111dc                ll_hciInit
 .text.BTLE_HCIToLLCmdSAP
                0x000111e8       0x30 E:\Silabs\LED\protocol\bluetooth\lib\EFR32BG12P\GCC\libbluetooth.a(ll_hci.c.obj)
                0x000111e8                BTLE_HCIToLLCmdSAP
 .text.BTLE_HCIToLLDataSAP
                0x00011218       0x44 E:\Silabs\LED\protocol\bluetooth\lib\EFR32BG12P\GCC\libbluetooth.a(ll_hci.c.obj)
                0x00011218                BTLE_HCIToLLDataSAP
 .text.ll_hciHandleCommandDebug
                0x0001125c        0x4 E:\Silabs\LED\protocol\bluetooth\lib\EFR32BG12P\GCC\libbluetooth.a(ll_hci.c.obj)
                0x0001125c                ll_hciHandleCommandDebug
 .text.ll_hciHandleDisconnect
                0x00011260       0x48 E:\Silabs\LED\protocol\bluetooth\lib\EFR32BG12P\GCC\libbluetooth.a(ll_hci.c.obj)
                0x00011260                ll_hciHandleDisconnect
 .text.ll_hciHandleUnknown
                0x000112a8        0xc E:\Silabs\LED\protocol\bluetooth\lib\EFR32BG12P\GCC\libbluetooth.a(ll_hci.c.obj)
                0x000112a8                ll_hciHandleUnknown
 .text.ll_hciHandleReset
                0x000112b4       0x18 E:\Silabs\LED\protocol\bluetooth\lib\EFR32BG12P\GCC\libbluetooth.a(ll_hci.c.obj)
                0x000112b4                ll_hciHandleReset
 .text.ll_hciHandleReadBDADDR
                0x000112cc       0x34 E:\Silabs\LED\protocol\bluetooth\lib\EFR32BG12P\GCC\libbluetooth.a(ll_hci.c.obj)
                0x000112cc                ll_hciHandleReadBDADDR
 .text.ll_hciHandleSetHostChannelClassification
                0x00011300       0x3a E:\Silabs\LED\protocol\bluetooth\lib\EFR32BG12P\GCC\libbluetooth.a(ll_hci.c.obj)
                0x00011300                ll_hciHandleSetHostChannelClassification
 .text.ll_hciHandleLeSetExtendedScanResponseData
                0x0001133a       0x5a E:\Silabs\LED\protocol\bluetooth\lib\EFR32BG12P\GCC\libbluetooth.a(ll_hci.c.obj)
                0x0001133a                ll_hciHandleLeSetExtendedScanResponseData
 .text.ll_hciHandleLeStartEncryption
                0x00011394       0x54 E:\Silabs\LED\protocol\bluetooth\lib\EFR32BG12P\GCC\libbluetooth.a(ll_hci.c.obj)
                0x00011394                ll_hciHandleLeStartEncryption
 .text.ll_hciHandleLeLtkNegReply
                0x000113e8       0x48 E:\Silabs\LED\protocol\bluetooth\lib\EFR32BG12P\GCC\libbluetooth.a(ll_hci.c.obj)
                0x000113e8                ll_hciHandleLeLtkNegReply
 .text.ll_hciHandleLeLtkReply
                0x00011430       0x4e E:\Silabs\LED\protocol\bluetooth\lib\EFR32BG12P\GCC\libbluetooth.a(ll_hci.c.obj)
                0x00011430                ll_hciHandleLeLtkReply
 .text.ll_hciHandleLeSetExtendedAdvertisingData
                0x0001147e       0x5e E:\Silabs\LED\protocol\bluetooth\lib\EFR32BG12P\GCC\libbluetooth.a(ll_hci.c.obj)
                0x0001147e                ll_hciHandleLeSetExtendedAdvertisingData
 .text.ll_hciHandleSiliconLabsSetConnectionConfigBits
                0x000114dc       0x30 E:\Silabs\LED\protocol\bluetooth\lib\EFR32BG12P\GCC\libbluetooth.a(ll_hci.c.obj)
                0x000114dc                ll_hciHandleSiliconLabsSetConnectionConfigBits
 .text.ll_hciHandleSiliconLabsClearConnectionConfigBits
                0x0001150c       0x30 E:\Silabs\LED\protocol\bluetooth\lib\EFR32BG12P\GCC\libbluetooth.a(ll_hci.c.obj)
                0x0001150c                ll_hciHandleSiliconLabsClearConnectionConfigBits
 .text.ll_hciHandleSiliconLabsConfigFlags
                0x0001153c       0x54 E:\Silabs\LED\protocol\bluetooth\lib\EFR32BG12P\GCC\libbluetooth.a(ll_hci.c.obj)
                0x0001153c                ll_hciHandleSiliconLabsConfigFlags
 .text.ll_hciHandleSiliconLabsGetCounters
                0x00011590       0x5a E:\Silabs\LED\protocol\bluetooth\lib\EFR32BG12P\GCC\libbluetooth.a(ll_hci.c.obj)
                0x00011590                ll_hciHandleSiliconLabsGetCounters
 .text.ll_hciHandleSiliconLabsGetTiming
                0x000115ea       0x28 E:\Silabs\LED\protocol\bluetooth\lib\EFR32BG12P\GCC\libbluetooth.a(ll_hci.c.obj)
                0x000115ea                ll_hciHandleSiliconLabsGetTiming
 *fill*         0x00011612        0x2 
 .text.ll_hciHandleSiliconLabsConfigure
                0x00011614       0x8c E:\Silabs\LED\protocol\bluetooth\lib\EFR32BG12P\GCC\libbluetooth.a(ll_hci.c.obj)
                0x00011614                ll_hciHandleSiliconLabsConfigure
 .text.ll_hciHandleLeSetExtendedAdvertisingEnable
                0x000116a0       0x76 E:\Silabs\LED\protocol\bluetooth\lib\EFR32BG12P\GCC\libbluetooth.a(ll_hci.c.obj)
                0x000116a0                ll_hciHandleLeSetExtendedAdvertisingEnable
 .text.ll_hciHandleLeSetRandomAddress
                0x00011716       0x1e E:\Silabs\LED\protocol\bluetooth\lib\EFR32BG12P\GCC\libbluetooth.a(ll_hci.c.obj)
                0x00011716                ll_hciHandleLeSetRandomAddress
 .text.ll_hciHandleLeSetAdvertisingSetRandomAddress
                0x00011734       0x2e E:\Silabs\LED\protocol\bluetooth\lib\EFR32BG12P\GCC\libbluetooth.a(ll_hci.c.obj)
                0x00011734                ll_hciHandleLeSetAdvertisingSetRandomAddress
 .text.ll_hciHandleLeSetExtendedAdvertisingParameters
                0x00011762       0xc6 E:\Silabs\LED\protocol\bluetooth\lib\EFR32BG12P\GCC\libbluetooth.a(ll_hci.c.obj)
                0x00011762                ll_hciHandleLeSetExtendedAdvertisingParameters
 .text.ll_hciHandleLeSetExtendedScanParameters
                0x00011828       0x3a E:\Silabs\LED\protocol\bluetooth\lib\EFR32BG12P\GCC\libbluetooth.a(ll_hci.c.obj)
                0x00011828                ll_hciHandleLeSetExtendedScanParameters
 .text.ll_hciHandleLeSetScanParameters
                0x00011862       0x3e E:\Silabs\LED\protocol\bluetooth\lib\EFR32BG12P\GCC\libbluetooth.a(ll_hci.c.obj)
                0x00011862                ll_hciHandleLeSetScanParameters
 .text.ll_hciHandleLeSetScanEnable
                0x000118a0       0x2e E:\Silabs\LED\protocol\bluetooth\lib\EFR32BG12P\GCC\libbluetooth.a(ll_hci.c.obj)
                0x000118a0                ll_hciHandleLeSetScanEnable
 *fill*         0x000118ce        0x2 
 .text.ll_hciHandleLeEnhancedReceiverTest
                0x000118d0       0x3c E:\Silabs\LED\protocol\bluetooth\lib\EFR32BG12P\GCC\libbluetooth.a(ll_hci.c.obj)
                0x000118d0                ll_hciHandleLeEnhancedReceiverTest
 .text.ll_hciHandleLeEnhancedTransmitterTest
                0x0001190c       0x40 E:\Silabs\LED\protocol\bluetooth\lib\EFR32BG12P\GCC\libbluetooth.a(ll_hci.c.obj)
                0x0001190c                ll_hciHandleLeEnhancedTransmitterTest
 .text.ll_hciHandleLeTestEnd
                0x0001194c       0x32 E:\Silabs\LED\protocol\bluetooth\lib\EFR32BG12P\GCC\libbluetooth.a(ll_hci.c.obj)
                0x0001194c                ll_hciHandleLeTestEnd
 .text.ll_hciHandleLeConnectionUpdate
                0x0001197e       0x64 E:\Silabs\LED\protocol\bluetooth\lib\EFR32BG12P\GCC\libbluetooth.a(ll_hci.c.obj)
                0x0001197e                ll_hciHandleLeConnectionUpdate
 .text.ll_hciHandleLeCreateConnectionCancel
                0x000119e2       0x30 E:\Silabs\LED\protocol\bluetooth\lib\EFR32BG12P\GCC\libbluetooth.a(ll_hci.c.obj)
                0x000119e2                ll_hciHandleLeCreateConnectionCancel
 .text.ll_hciHandleLeCreateConnection
                0x00011a12       0x92 E:\Silabs\LED\protocol\bluetooth\lib\EFR32BG12P\GCC\libbluetooth.a(ll_hci.c.obj)
                0x00011a12                ll_hciHandleLeCreateConnection
 .text.ll_hciHandleLeExtendedCreateConnection
                0x00011aa4       0x96 E:\Silabs\LED\protocol\bluetooth\lib\EFR32BG12P\GCC\libbluetooth.a(ll_hci.c.obj)
                0x00011aa4                ll_hciHandleLeExtendedCreateConnection
 .text.ll_hciHandleLeWriteSuggestedDefaultDataLength
                0x00011b3a       0x3a E:\Silabs\LED\protocol\bluetooth\lib\EFR32BG12P\GCC\libbluetooth.a(ll_hci.c.obj)
                0x00011b3a                ll_hciHandleLeWriteSuggestedDefaultDataLength
 .text.ll_hciHandleLeSetDataLength
                0x00011b74       0x5c E:\Silabs\LED\protocol\bluetooth\lib\EFR32BG12P\GCC\libbluetooth.a(ll_hci.c.obj)
                0x00011b74                ll_hciHandleLeSetDataLength
 .text.ll_hciReadRemoteUsedFeatures
                0x00011bd0       0x42 E:\Silabs\LED\protocol\bluetooth\lib\EFR32BG12P\GCC\libbluetooth.a(ll_hci.c.obj)
                0x00011bd0                ll_hciReadRemoteUsedFeatures
 .text.ll_hciReadRemoteVersionInformation
                0x00011c12       0x42 E:\Silabs\LED\protocol\bluetooth\lib\EFR32BG12P\GCC\libbluetooth.a(ll_hci.c.obj)
                0x00011c12                ll_hciReadRemoteVersionInformation
 .text.ll_hciHandleReadRssi
                0x00011c54       0x4e E:\Silabs\LED\protocol\bluetooth\lib\EFR32BG12P\GCC\libbluetooth.a(ll_hci.c.obj)
                0x00011c54                ll_hciHandleReadRssi
 .text.ll_hciSendLeConnectionUpdate
                0x00011ca2       0x44 E:\Silabs\LED\protocol\bluetooth\lib\EFR32BG12P\GCC\libbluetooth.a(ll_hci.c.obj)
                0x00011ca2                ll_hciSendLeConnectionUpdate
 .text.ll_hciSendLeConnectionComplete
                0x00011ce6       0x7a E:\Silabs\LED\protocol\bluetooth\lib\EFR32BG12P\GCC\libbluetooth.a(ll_hci.c.obj)
                0x00011ce6                ll_hciSendLeConnectionComplete
 .text.ll_hciSendVersionComplete
                0x00011d60       0x42 E:\Silabs\LED\protocol\bluetooth\lib\EFR32BG12P\GCC\libbluetooth.a(ll_hci.c.obj)
                0x00011d60                ll_hciSendVersionComplete
 .text.ll_hciSendUsedFeaturesComplete
                0x00011da2       0x3a E:\Silabs\LED\protocol\bluetooth\lib\EFR32BG12P\GCC\libbluetooth.a(ll_hci.c.obj)
                0x00011da2                ll_hciSendUsedFeaturesComplete
 .text.ll_hciSendEncryptionKeyRefreshComplete
                0x00011ddc       0x2e E:\Silabs\LED\protocol\bluetooth\lib\EFR32BG12P\GCC\libbluetooth.a(ll_hci.c.obj)
                0x00011ddc                ll_hciSendEncryptionKeyRefreshComplete
 .text.ll_hciSendEncryptionChange
                0x00011e0a       0x36 E:\Silabs\LED\protocol\bluetooth\lib\EFR32BG12P\GCC\libbluetooth.a(ll_hci.c.obj)
                0x00011e0a                ll_hciSendEncryptionChange
 .text.ll_hciSendLeDataLengthChanged
                0x00011e40       0x4e E:\Silabs\LED\protocol\bluetooth\lib\EFR32BG12P\GCC\libbluetooth.a(ll_hci.c.obj)
                0x00011e40                ll_hciSendLeDataLengthChanged
 .text.ll_hciSendLeLtkRequest
                0x00011e8e       0x42 E:\Silabs\LED\protocol\bluetooth\lib\EFR32BG12P\GCC\libbluetooth.a(ll_hci.c.obj)
                0x00011e8e                ll_hciSendLeLtkRequest
 .text.ll_hciSendAdvSetTerminated
                0x00011ed0       0x46 E:\Silabs\LED\protocol\bluetooth\lib\EFR32BG12P\GCC\libbluetooth.a(ll_hci.c.obj)
                0x00011ed0                ll_hciSendAdvSetTerminated
 .text.ll_hciSendScanRequestReceived
                0x00011f16       0x2c E:\Silabs\LED\protocol\bluetooth\lib\EFR32BG12P\GCC\libbluetooth.a(ll_hci.c.obj)
                0x00011f16                ll_hciSendScanRequestReceived
 .text.ll_hciSendLeChannelSelectionAlgorithm
                0x00011f42       0x32 E:\Silabs\LED\protocol\bluetooth\lib\EFR32BG12P\GCC\libbluetooth.a(ll_hci.c.obj)
                0x00011f42                ll_hciSendLeChannelSelectionAlgorithm
 .text.ll_hciSendNumberOfCompletedPackets
                0x00011f74       0x30 E:\Silabs\LED\protocol\bluetooth\lib\EFR32BG12P\GCC\libbluetooth.a(ll_hci.c.obj)
                0x00011f74                ll_hciSendNumberOfCompletedPackets
 .text.ll_hciHandleCommand
                0x00011fa4      0x2b4 E:\Silabs\LED\protocol\bluetooth\lib\EFR32BG12P\GCC\libbluetooth.a(ll_hci.c.obj)
                0x00011fa4                ll_hciHandleCommand
 .text.ll_hciSendDisconnection
                0x00012258       0x30 E:\Silabs\LED\protocol\bluetooth\lib\EFR32BG12P\GCC\libbluetooth.a(ll_hci.c.obj)
                0x00012258                ll_hciSendDisconnection
 .text.ll_hciSendLeAdvertisingReport
                0x00012288       0xfe E:\Silabs\LED\protocol\bluetooth\lib\EFR32BG12P\GCC\libbluetooth.a(ll_hci.c.obj)
                0x00012288                ll_hciSendLeAdvertisingReport
 .text.ll_hciHandleACL
                0x00012386       0x40 E:\Silabs\LED\protocol\bluetooth\lib\EFR32BG12P\GCC\libbluetooth.a(ll_hci.c.obj)
                0x00012386                ll_hciHandleACL
 *fill*         0x000123c6        0x2 
 .text.ll_hciHandleMessage
                0x000123c8       0x4c E:\Silabs\LED\protocol\bluetooth\lib\EFR32BG12P\GCC\libbluetooth.a(ll_hci.c.obj)
                0x000123c8                ll_hciHandleMessage
 .text.ll_hciAclPacketReceived
                0x00012414        0x4 E:\Silabs\LED\protocol\bluetooth\lib\EFR32BG12P\GCC\libbluetooth.a(ll_hci.c.obj)
                0x00012414                ll_hciAclPacketReceived
 .text.ll_initPhy
                0x00012418        0x2 E:\Silabs\LED\protocol\bluetooth\lib\EFR32BG12P\GCC\libbluetooth.a(ll_hci_phy.c.obj)
                0x00012418                ll_initPhy
 *fill*         0x0001241a        0x2 
 .text.ll_hciSendLePhyUpdateComplete
                0x0001241c       0x4c E:\Silabs\LED\protocol\bluetooth\lib\EFR32BG12P\GCC\libbluetooth.a(ll_hci_phy.c.obj)
                0x0001241c                ll_hciSendLePhyUpdateComplete
 .text.ll_hciHandleCommandPhy
                0x00012468      0x108 E:\Silabs\LED\protocol\bluetooth\lib\EFR32BG12P\GCC\libbluetooth.a(ll_hci_phy.c.obj)
                0x00012468                ll_hciHandleCommandPhy
 .text.ll_bgbuf_callback
                0x00012570       0x10 E:\Silabs\LED\protocol\bluetooth\lib\EFR32BG12P\GCC\libbluetooth.a(ll_init.c.obj)
 .text.BTLE_LL_Process
                0x00012580       0xc0 E:\Silabs\LED\protocol\bluetooth\lib\EFR32BG12P\GCC\libbluetooth.a(ll_init.c.obj)
                0x00012580                BTLE_LL_Process
 .text.ll_initAllocMem
                0x00012640       0x18 E:\Silabs\LED\protocol\bluetooth\lib\EFR32BG12P\GCC\libbluetooth.a(ll_init.c.obj)
                0x00012640                ll_initAllocMem
 .text.BTLE_LL_Init
                0x00012658       0x64 E:\Silabs\LED\protocol\bluetooth\lib\EFR32BG12P\GCC\libbluetooth.a(ll_init.c.obj)
                0x00012658                BTLE_LL_Init
 .text.BTLE_LL_SetFlags
                0x000126bc       0x18 E:\Silabs\LED\protocol\bluetooth\lib\EFR32BG12P\GCC\libbluetooth.a(ll_init.c.obj)
                0x000126bc                BTLE_LL_SetFlags
 .text.BTLE_LL_ClearFlags
                0x000126d4       0x18 E:\Silabs\LED\protocol\bluetooth\lib\EFR32BG12P\GCC\libbluetooth.a(ll_init.c.obj)
                0x000126d4                BTLE_LL_ClearFlags
 .text.BTLE_LL_GetFlags
                0x000126ec        0xc E:\Silabs\LED\protocol\bluetooth\lib\EFR32BG12P\GCC\libbluetooth.a(ll_init.c.obj)
                0x000126ec                BTLE_LL_GetFlags
 .text.ll_llcpCallbackLinkLost
                0x000126f8        0x4 E:\Silabs\LED\protocol\bluetooth\lib\EFR32BG12P\GCC\libbluetooth.a(ll_llcp.c.obj)
 .text.ll_connIsSlave
                0x000126fc        0xc E:\Silabs\LED\protocol\bluetooth\lib\EFR32BG12P\GCC\libbluetooth.a(ll_llcp.c.obj)
 .text.ll_llcpCallbackRemoteTerminate
                0x00012708        0xc E:\Silabs\LED\protocol\bluetooth\lib\EFR32BG12P\GCC\libbluetooth.a(ll_llcp.c.obj)
 .text.ll_llcpCallbackLocalTerminate
                0x00012714       0x18 E:\Silabs\LED\protocol\bluetooth\lib\EFR32BG12P\GCC\libbluetooth.a(ll_llcp.c.obj)
 .text.ll_llcpHandleEvent
                0x0001272c       0x46 E:\Silabs\LED\protocol\bluetooth\lib\EFR32BG12P\GCC\libbluetooth.a(ll_llcp.c.obj)
                0x0001272c                ll_llcpHandleEvent
 .text.ll_llcpSend
                0x00012772       0x1a E:\Silabs\LED\protocol\bluetooth\lib\EFR32BG12P\GCC\libbluetooth.a(ll_llcp.c.obj)
                0x00012772                ll_llcpSend
 .text.ll_llcpSendVersionInd
                0x0001278c       0x3e E:\Silabs\LED\protocol\bluetooth\lib\EFR32BG12P\GCC\libbluetooth.a(ll_llcp.c.obj)
 .text.ll_llcpHandleFeatureReq
                0x000127ca       0x44 E:\Silabs\LED\protocol\bluetooth\lib\EFR32BG12P\GCC\libbluetooth.a(ll_llcp.c.obj)
 .text.ll_llcpSendReject
                0x0001280e       0x54 E:\Silabs\LED\protocol\bluetooth\lib\EFR32BG12P\GCC\libbluetooth.a(ll_llcp.c.obj)
                0x0001280e                ll_llcpSendReject
 .text.ll_llcpInitPacket
                0x00012862       0x14 E:\Silabs\LED\protocol\bluetooth\lib\EFR32BG12P\GCC\libbluetooth.a(ll_llcp.c.obj)
                0x00012862                ll_llcpInitPacket
 .text.ll_llcpEventKeyRequest
                0x00012876       0x24 E:\Silabs\LED\protocol\bluetooth\lib\EFR32BG12P\GCC\libbluetooth.a(ll_llcp.c.obj)
                0x00012876                ll_llcpEventKeyRequest
 .text.ll_connSetLlcpCallback
                0x0001289a       0x88 E:\Silabs\LED\protocol\bluetooth\lib\EFR32BG12P\GCC\libbluetooth.a(ll_llcp.c.obj)
                0x0001289a                ll_connSetLlcpCallback
 *fill*         0x00012922        0x2 
 .text.ll_llcpConnectionUpdate_sender
                0x00012924       0xbc E:\Silabs\LED\protocol\bluetooth\lib\EFR32BG12P\GCC\libbluetooth.a(ll_llcp.c.obj)
 .text.ll_llcpUpdateChannelMap_sender
                0x000129e0       0x74 E:\Silabs\LED\protocol\bluetooth\lib\EFR32BG12P\GCC\libbluetooth.a(ll_llcp.c.obj)
 .text.ll_llcpFeatureExchange_sender
                0x00012a54       0x78 E:\Silabs\LED\protocol\bluetooth\lib\EFR32BG12P\GCC\libbluetooth.a(ll_llcp.c.obj)
 .text.ll_llcpReadVersionInformation_sender
                0x00012acc       0x2c E:\Silabs\LED\protocol\bluetooth\lib\EFR32BG12P\GCC\libbluetooth.a(ll_llcp.c.obj)
 .text.ll_llcpSendLengthReq_sender
                0x00012af8       0x70 E:\Silabs\LED\protocol\bluetooth\lib\EFR32BG12P\GCC\libbluetooth.a(ll_llcp.c.obj)
 .text.ll_llcpStartEncryption_sender
                0x00012b68       0xfc E:\Silabs\LED\protocol\bluetooth\lib\EFR32BG12P\GCC\libbluetooth.a(ll_llcp.c.obj)
 .text.ll_connClearLlcpCallback
                0x00012c64       0x3e E:\Silabs\LED\protocol\bluetooth\lib\EFR32BG12P\GCC\libbluetooth.a(ll_llcp.c.obj)
                0x00012c64                ll_connClearLlcpCallback
 .text.ll_llcpCallbackConnectionUpdateParams
                0x00012ca2       0x68 E:\Silabs\LED\protocol\bluetooth\lib\EFR32BG12P\GCC\libbluetooth.a(ll_llcp.c.obj)
 *fill*         0x00012d0a        0x2 
 .text.ll_llcpCallbackConnectionUpdatePreListen
                0x00012d0c       0x4c E:\Silabs\LED\protocol\bluetooth\lib\EFR32BG12P\GCC\libbluetooth.a(ll_llcp.c.obj)
 .text.ll_llcpCallbackChannelMapUpdate
                0x00012d58       0x48 E:\Silabs\LED\protocol\bluetooth\lib\EFR32BG12P\GCC\libbluetooth.a(ll_llcp.c.obj)
 .text.ll_llcpCallbackChannelMapUpdateMaster
                0x00012da0       0x28 E:\Silabs\LED\protocol\bluetooth\lib\EFR32BG12P\GCC\libbluetooth.a(ll_llcp.c.obj)
 .text.ll_connAbortLlcp
                0x00012dc8       0x24 E:\Silabs\LED\protocol\bluetooth\lib\EFR32BG12P\GCC\libbluetooth.a(ll_llcp.c.obj)
                0x00012dc8                ll_connAbortLlcp
 .text.ll_llcpCommonTimeout.isra.0
                0x00012dec       0x32 E:\Silabs\LED\protocol\bluetooth\lib\EFR32BG12P\GCC\libbluetooth.a(ll_llcp.c.obj)
 .text.ll_llcpVersionExchange
                0x00012e1e        0x4 E:\Silabs\LED\protocol\bluetooth\lib\EFR32BG12P\GCC\libbluetooth.a(ll_llcp.c.obj)
 .text.ll_llcpCallbackFeatureReqSent
                0x00012e22       0x24 E:\Silabs\LED\protocol\bluetooth\lib\EFR32BG12P\GCC\libbluetooth.a(ll_llcp.c.obj)
 .text.ll_llcpCallbackLengthReqSent
                0x00012e46        0x4 E:\Silabs\LED\protocol\bluetooth\lib\EFR32BG12P\GCC\libbluetooth.a(ll_llcp.c.obj)
 .text.ll_llcpCallbackEncryption
                0x00012e4a       0x74 E:\Silabs\LED\protocol\bluetooth\lib\EFR32BG12P\GCC\libbluetooth.a(ll_llcp.c.obj)
 .text.ll_llcpLtkReply
                0x00012ebe       0x72 E:\Silabs\LED\protocol\bluetooth\lib\EFR32BG12P\GCC\libbluetooth.a(ll_llcp.c.obj)
                0x00012ebe                ll_llcpLtkReply
 .text.ll_llcpDisconnect