23:30:23 **** Incremental Build of configuration GNU ARM v4.9.3 - Default for project LED ****
make -j4 all 
Building file: ../main.c
Invoking: GNU ARM C Compiler
arm-none-eabi-gcc -g -gdwarf-2 -mcpu=cortex-m4 -mthumb -std=c99 '-D__STACK_SIZE=0x800' '-DHAL_CONFIG=1' '-D__HEAP_SIZE=0xD00' '-DEFR32BG12P332F1024GL125=1' -I"E:\Silabs\LED" -I"E:\Silabs\LED\platform\radio\rail_lib\common" -I"E:\Silabs\LED\platform\Device\SiliconLabs\EFR32BG12P\Include" -I"E:\Silabs\LED\hardware\kit\common\bsp" -I"E:\Silabs\LED\platform\CMSIS\Include" -I"E:\Silabs\LED\platform\emlib\inc" -I"E:\Silabs\LED\platform\emlib\src" -I"E:\Silabs\LED\protocol\bluetooth\ble_stack\inc\common" -I"E:\Silabs\LED\platform\emdrv\sleep\src" -I"E:\Silabs\LED\hardware\kit\common\drivers" -I"E:\Silabs\LED\platform\emdrv\common\inc" -I"E:\Silabs\LED\platform\emdrv\uartdrv\inc" -I"E:\Silabs\LED\platform\halconfig\inc\hal-config" -I"E:\Silabs\LED\hardware\kit\common\halconfig" -I"E:\Silabs\LED\protocol\bluetooth\ble_stack\inc\soc" -I"E:\Silabs\LED\platform\Device\SiliconLabs\EFR32BG12P\Source\GCC" -I"E:\Silabs\LED\platform\emdrv\tempdrv\src" -I"E:\Silabs\LED\platform\Device\SiliconLabs\EFR32BG12P\Source" -I"E:\Silabs\LED\platform\radio\rail_lib\chip\efr32" -I"E:\Silabs\LED\platform\bootloader\api" -I"E:\Silabs\LED\platform\emdrv\tempdrv\inc" -I"E:\Silabs\LED\app\bluetooth\common\stack_bridge" -I"E:\Silabs\LED\platform\emdrv\gpiointerrupt\inc" -I"E:\Silabs\LED\platform\emdrv\sleep\inc" -I"E:\Silabs\LED\platform\bootloader" -O2 -Wall -c -fmessage-length=0 -ffunction-sections -fdata-sections -mfpu=fpv4-sp-d16 -mfloat-abi=softfp -MMD -MP -MF"main.d" -MT"main.o" -o "main.o" "../main.c"
../main.c:80:6: warning: return type of 'main' is not 'int' [-Wmain]
 void main(void)
      ^
Finished building: ../main.c
 
Building target: LED.axf
Invoking: GNU ARM C Linker
arm-none-eabi-gcc -g -gdwarf-2 -mcpu=cortex-m4 -mthumb -T "E:\Silabs\LED\efr32bg12p332f1024gl125.ld" -Xlinker --gc-sections -Xlinker -Map="LED.map" -mfpu=fpv4-sp-d16 -mfloat-abi=softfp --specs=nano.specs -o LED.axf -Wl,--start-group "./application_properties.o" "./gatt_db.o" "./init_app.o" "./init_board.o" "./init_mcu.o" "./main.o" "./hardware/kit/common/bsp/bsp_stk.o" "./platform/Device/SiliconLabs/EFR32BG12P/Source/GCC/startup_efr32bg12p.o" "./platform/Device/SiliconLabs/EFR32BG12P/Source/system_efr32bg12p.o" "./platform/emdrv/sleep/src/sleep.o" "./platform/emdrv/tempdrv/src/tempdrv.o" "./platform/emlib/src/em_cmu.o" "./platform/emlib/src/em_core.o" "./platform/emlib/src/em_cryotimer.o" "./platform/emlib/src/em_crypto.o" "./platform/emlib/src/em_emu.o" "./platform/emlib/src/em_gpio.o" "./platform/emlib/src/em_i2c.o" "./platform/emlib/src/em_msc.o" "./platform/emlib/src/em_rmu.o" "./platform/emlib/src/em_rtcc.o" "./platform/emlib/src/em_system.o" "./platform/emlib/src/em_usart.o" "E:\Silabs\LED\protocol\bluetooth\lib\EFR32BG12P\GCC\binapploader.o" "E:\Silabs\LED\platform\radio\rail_lib\autogen\librail_release\librail_efr32xg12_gcc_release.a" "E:\Silabs\LED\protocol\bluetooth\lib\EFR32BG12P\GCC\libpsstore.a" "E:\Silabs\LED\protocol\bluetooth\lib\EFR32BG12P\GCC\libbluetooth.a" "E:\Silabs\LED\protocol\bluetooth\lib\EFR32BG12P\GCC\libmbedtls.a" -lm -Wl,--end-group -Wl,--start-group -lgcc -lc -lnosys -Wl,--end-group
Finished building target: LED.axf
 
Building hex file: LED.hex
arm-none-eabi-objcopy -O ihex "LED.axf" "LED.hex"
 
Building bin file: LED.bin
arm-none-eabi-objcopy -O binary "LED.axf" "LED.bin"
 
Building s37 file: LED.s37
arm-none-eabi-objcopy -O srec "LED.axf" "LED.s37"
 
Running size tool
arm-none-eabi-size "LED.axf"
   text	   data	    bss	    dec	    hex	filename
 170448	      0	  11084	 181532	  2c51c	LED.axf
 
23:30:27 **** Incremental Build of configuration GNU ARM v4.9.3 - Default for project LED ****
make -j4 all 
make: Nothing to be done for `all'.
